ARM Linker, 5.02 [Build 28] [MDK-ARM Standard]

==============================================================================

Section Cross References

    stm32f10x_gpio.o(.text) refers to stm32f10x_rcc.o(.text) for RCC_APB2PeriphResetCmd
    stm32f10x_rcc.o(.text) refers to stm32f10x_rcc.o(.data) for APBAHBPrescTable
    stm32f10x_usart.o(.text) refers to stm32f10x_rcc.o(.text) for RCC_APB2PeriphResetCmd
    stm32f10x_spi.o(.text) refers to stm32f10x_rcc.o(.text) for RCC_APB2PeriphResetCmd
    stm32f10x_tim.o(.text) refers to stm32f10x_rcc.o(.text) for RCC_APB2PeriphResetCmd
    stm32f10x_adc.o(.text) refers to stm32f10x_rcc.o(.text) for RCC_APB2PeriphResetCmd
    stm32f10x_bkp.o(.text) refers to stm32f10x_rcc.o(.text) for RCC_BackupResetCmd
    stm32f10x_can.o(.text) refers to stm32f10x_rcc.o(.text) for RCC_APB1PeriphResetCmd
    stm32f10x_cec.o(.text) refers to stm32f10x_rcc.o(.text) for RCC_APB1PeriphResetCmd
    stm32f10x_dac.o(.text) refers to stm32f10x_rcc.o(.text) for RCC_APB1PeriphResetCmd
    stm32f10x_i2c.o(.text) refers to stm32f10x_rcc.o(.text) for RCC_APB1PeriphResetCmd
    stm32f10x_pwr.o(.text) refers to stm32f10x_rcc.o(.text) for RCC_APB1PeriphResetCmd
    stm32f10x_wwdg.o(.text) refers to stm32f10x_rcc.o(.text) for RCC_APB1PeriphResetCmd
    startup_stm32f10x_hd.o(STACK) refers (Special) to heapauxi.o(.text) for __use_two_region_memory
    startup_stm32f10x_hd.o(HEAP) refers (Special) to heapauxi.o(.text) for __use_two_region_memory
    startup_stm32f10x_hd.o(RESET) refers (Special) to heapauxi.o(.text) for __use_two_region_memory
    startup_stm32f10x_hd.o(RESET) refers to startup_stm32f10x_hd.o(STACK) for __initial_sp
    startup_stm32f10x_hd.o(RESET) refers to startup_stm32f10x_hd.o(.text) for Reset_Handler
    startup_stm32f10x_hd.o(RESET) refers to stm32f10x_it.o(.text) for NMI_Handler
    startup_stm32f10x_hd.o(RESET) refers to timer.o(.text) for TIM1_UP_IRQHandler
    startup_stm32f10x_hd.o(RESET) refers to usart.o(.text) for USART2_IRQHandler
    startup_stm32f10x_hd.o(.text) refers (Special) to heapauxi.o(.text) for __use_two_region_memory
    startup_stm32f10x_hd.o(.text) refers to system_stm32f10x.o(.text) for SystemInit
    startup_stm32f10x_hd.o(.text) refers to __main.o(!!!main) for __main
    startup_stm32f10x_hd.o(.text) refers to startup_stm32f10x_hd.o(HEAP) for Heap_Mem
    startup_stm32f10x_hd.o(.text) refers to startup_stm32f10x_hd.o(STACK) for Stack_Mem
    system_stm32f10x.o(.text) refers to system_stm32f10x.o(.data) for SystemCoreClock
    main.o(.text) refers to bq769xx.o(.text) for BQ769xx_Oper_Comm
    main.o(.text) refers to taskfun.o(.text) for Sys_Function_Pro
    main.o(.text) refers to soc.o(.text) for Batt_soc_check
    main.o(.text) refers to led.o(.text) for Led_Run_Cpu
    main.o(.text) refers to usart.o(.text) for Uart2Run_Pack
    main.o(.text) refers to stm32f10x_rcc.o(.text) for RCC_APB2PeriphClockCmd
    main.o(.text) refers to stm32f10x_gpio.o(.text) for GPIO_PinRemapConfig
    main.o(.text) refers to sys.o(.text) for NVIC_Configuration
    main.o(.text) refers to gpio.o(.text) for Init_GPIO_SYS_Power
    main.o(.text) refers to configpara.o(.text) for InitPara0
    main.o(.text) refers to timer.o(.text) for Tim1_Init
    main.o(.text) refers to delay.o(.text) for delay_init
    main.o(.text) refers to stm32f10x_flash.o(.text) for FLASH_Unlock
    main.o(.text) refers to database.o(.bss) for gBMSData
    bq769xx.o(.text) refers to delay.o(.text) for delay_ms
    bq769xx.o(.text) refers to iic.o(.text) for IIC_ReadByte
    bq769xx.o(.text) refers to rt_memcpy_v6.o(.text) for __aeabi_memcpy
    bq769xx.o(.text) refers to configpara.o(.bss) for gBMSConfig
    bq769xx.o(.text) refers to database.o(.bss) for gBMSData
    bq769xx.o(.text) refers to bq769xx.o(.bss) for Bq769xxReg
    bq769xx.o(.text) refers to bq769xx.o(.data) for VoltCellGainUV
    bq769xx.o(.text) refers to main.o(.bss) for TaskTimePare
    bq769xx.o(.text) refers to adc.o(.text) for TemChange
    bq769xx.o(.text) refers to rs485data.o(.data) for Bq769xx_Oper_EN
    configpara.o(.text) refers to flash.o(.text) for STMFLASH_Write
    configpara.o(.text) refers to rt_memcpy_w.o(.text) for __aeabi_memcpy4
    configpara.o(.text) refers to configpara.o(.bss) for gBMSConfig
    led.o(.text) refers to main.o(.bss) for TaskTimePare
    rs485data.o(.text) refers to usart.o(.text) for Uart2Send
    rs485data.o(.text) refers to rt_memclr_w.o(.text) for __aeabi_memclr4
    rs485data.o(.text) refers to main.o(.bss) for TaskTimePare
    rs485data.o(.text) refers to rs485data.o(.data) for Bq769xx_Oper_EN
    rs485data.o(.text) refers to bq769xx.o(.bss) for Bq769xxReg
    rs485data.o(.text) refers to database.o(.bss) for gBMSData
    rs485data.o(.text) refers to bq769xx.o(.data) for VoltCellGainUV
    taskfun.o(.text) refers to bq769xx.o(.text) for BQ769xx_DSGSET
    taskfun.o(.text) refers to main.o(.bss) for TaskTimePare
    taskfun.o(.text) refers to taskfun.o(.data) for wait_time_cnt
[...]
    Removing stm32f10x_rtc.o(.text), (324 bytes).
    Removing stm32f10x_sdio.o(.text), (464 bytes).
    Removing stm32f10x_wwdg.o(.text), (124 bytes).
    Removing core_cm3.o(.emb_text), (32 bytes).
    Removing iic.o(.data), (72 bytes).
    Removing wdt.o(.text), (44 bytes).

17 unused section(s) (total 8364 bytes) removed from the image.

==============================================================================

Image Symbol Table

    Local Symbols

    Symbol Name                              Value     Ov Type        Size  Object(Section)

    ../clib/angel/boardlib.s                 0x00000000   Number         0  boardinit1.o ABSOLUTE
    ../clib/angel/boardlib.s                 0x00000000   Number         0  boardinit3.o ABSOLUTE
    ../clib/angel/boardlib.s                 0x00000000   Number         0  boardshut.o ABSOLUTE
    ../clib/angel/boardlib.s                 0x00000000   Number         0  boardinit2.o ABSOLUTE
    ../clib/angel/handlers.s                 0x00000000   Number         0  __scatter_copy.o ABSOLUTE
    ../clib/angel/handlers.s                 0x00000000   Number         0  __scatter_zi.o ABSOLUTE
    ../clib/angel/kernel.s                   0x00000000   Number         0  rtentry.o ABSOLUTE
    ../clib/angel/kernel.s                   0x00000000   Number         0  rtentry2.o ABSOLUTE
    ../clib/angel/kernel.s                   0x00000000   Number         0  rtexit.o ABSOLUTE
    ../clib/angel/kernel.s                   0x00000000   Number         0  rtexit2.o ABSOLUTE
    ../clib/angel/kernel.s                   0x00000000   Number         0  rtentry4.o ABSOLUTE
    ../clib/angel/rt.s                       0x00000000   Number         0  rt_raise.o ABSOLUTE
    ../clib/angel/scatter.s                  0x00000000   Number         0  __scatter.o ABSOLUTE
    ../clib/angel/startup.s                  0x00000000   Number         0  __main.o ABSOLUTE
    ../clib/angel/sys.s                      0x00000000   Number         0  indicate_semi.o ABSOLUTE
    ../clib/angel/sys.s                      0x00000000   Number         0  use_no_semi.o ABSOLUTE
    ../clib/angel/sys.s                      0x00000000   Number         0  libspace.o ABSOLUTE
    ../clib/angel/sys.s                      0x00000000   Number         0  sys_stackheap_outer.o ABSOLUTE
    ../clib/angel/sysapp.c                   0x00000000   Number         0  sys_command.o ABSOLUTE
    ../clib/angel/sysapp.c                   0x00000000   Number         0  sys_exit.o ABSOLUTE
    ../clib/angel/sysapp.c                   0x00000000   Number         0  sys_wrch.o ABSOLUTE
    ../clib/armsys.c                         0x00000000   Number         0  argv_veneer.o ABSOLUTE
    ../clib/armsys.c                         0x00000000   Number         0  argv_veneer.o ABSOLUTE
    ../clib/armsys.c                         0x00000000   Number         0  no_argv.o ABSOLUTE
    ../clib/armsys.c                         0x00000000   Number         0  _get_argv_nomalloc.o ABSOLUTE
    ../clib/heapalloc.c                      0x00000000   Number         0  hrguard.o ABSOLUTE
    ../clib/heapaux.c                        0x00000000   Number         0  heapauxi.o ABSOLUTE
    ../clib/libinit.s                        0x00000000   Number         0  libshutdown.o ABSOLUTE
    ../clib/libinit.s                        0x00000000   Number         0  libinit2.o ABSOLUTE
    ../clib/libinit.s                        0x00000000   Number         0  libinit.o ABSOLUTE
    ../clib/libinit.s                        0x00000000   Number         0  libshutdown2.o ABSOLUTE
    ../clib/memcpset.s                       0x00000000   Number         0  rt_memclr_w.o ABSOLUTE
    ../clib/memcpset.s                       0x00000000   Number         0  rt_memcpy_v6.o ABSOLUTE
    ../clib/memcpset.s                       0x00000000   Number         0  rt_memcpy_w.o ABSOLUTE
    ../clib/signal.c                         0x00000000   Number         0  defsig_stak_inner.o ABSOLUTE
    ../clib/signal.c                         0x00000000   Number         0  defsig_rtred_inner.o ABSOLUTE
    ../clib/signal.c                         0x00000000   Number         0  defsig_fpe_inner.o ABSOLUTE
    ../clib/signal.c                         0x00000000   Number         0  defsig_abrt_inner.o ABSOLUTE
    ../clib/signal.c                         0x00000000   Number         0  defsig_general.o ABSOLUTE
    ../clib/signal.c                         0x00000000   Number         0  __raise.o ABSOLUTE
    ../clib/signal.c                         0x00000000   Number         0  defsig_rtmem_inner.o ABSOLUTE
    ../clib/signal.c                         0x00000000   Number         0  defsig_exit.o ABSOLUTE
    ../clib/signal.c                         0x00000000   Number         0  defsig_rtmem_formal.o ABSOLUTE
    ../clib/signal.c                         0x00000000   Number         0  defsig_rtmem_outer.o ABSOLUTE
    ../clib/signal.c                         0x00000000   Number         0  defsig_cppl_inner.o ABSOLUTE
    ../clib/signal.c                         0x00000000   Number         0  defsig_other.o ABSOLUTE
    ../clib/signal.c                         0x00000000   Number         0  defsig_segv_inner.o ABSOLUTE
    ../clib/signal.c                         0x00000000   Number         0  defsig_pvfn_inner.o ABSOLUTE
    ../clib/signal.s                         0x00000000   Number         0  defsig.o ABSOLUTE
    ../clib/stdlib.c                         0x00000000   Number         0  exit.o ABSOLUTE
    ../fplib/fpinit.s                        0x00000000   Number         0  fpinit.o ABSOLUTE
    ..\Libraries\CMSIS\CM3\CoreSupport\core_cm3.c 0x00000000   Number         0  core_cm3.o ABSOLUTE
    ..\Libraries\CMSIS\CM3\DeviceSupport\ST\STM32F10x\startup\arm\startup_stm32f10x_hd.s 0x00000000   Number         0  startup_stm32f10x_hd.o ABSOLUTE
    ..\Libraries\STM32F10x_StdPeriph_Driver\src\misc.c 0x00000000   Number         0  misc.o ABSOLUTE
    ..\Libraries\STM32F10x_StdPeriph_Driver\src\stm32f10x_adc.c 0x00000000   Number         0  stm32f10x_adc.o ABSOLUTE
    ..\Libraries\STM32F10x_StdPeriph_Driver\src\stm32f10x_bkp.c 0x00000000   Number         0  stm32f10x_bkp.o ABSOLUTE
    ..\Libraries\STM32F10x_StdPeriph_Driver\src\stm32f10x_can.c 0x00000000   Number         0  stm32f10x_can.o ABSOLUTE
    ..\Libraries\STM32F10x_StdPeriph_Driver\src\stm32f10x_cec.c 0x00000000   Number         0  stm32f10x_cec.o ABSOLUTE
    ..\Libraries\STM32F10x_StdPeriph_Driver\src\stm32f10x_dac.c 0x00000000   Number         0  stm32f10x_dac.o ABSOLUTE
    ..\Libraries\STM32F10x_StdPeriph_Driver\src\stm32f10x_dbgmcu.c 0x00000000   Number         0  stm32f10x_dbgmcu.o ABSOLUTE
    ..\Libraries\STM32F10x_StdPeriph_Driver\src\stm32f10x_dma.c 0x00000000   Number         0  stm32f10x_dma.o ABSOLUTE
    ..\Libraries\STM32F10x_StdPeriph_Driver\src\stm32f10x_exti.c 0x00000000   Number         0  stm32f10x_exti.o ABSOLUTE
    ..\Libraries\STM32F10x_StdPeriph_Driver\src\stm32f10x_flash.c 0x00000000   Number         0  stm32f10x_flash.o ABSOLUTE
    ..\Libraries\STM32F10x_StdPeriph_Driver\src\stm32f10x_fsmc.c 0x00000000   Number         0  stm32f10x_fsmc.o ABSOLUTE
    ..\Libraries\STM32F10x_StdPeriph_Driver\src\stm32f10x_gpio.c 0x00000000   Number         0  stm32f10x_gpio.o ABSOLUTE
    ..\Libraries\STM32F10x_StdPeriph_Driver\src\stm32f10x_i2c.c 0x00000000   Number         0  stm32f10x_i2c.o ABSOLUTE
    ..\Libraries\STM32F10x_StdPeriph_Driver\src\stm32f10x_iwdg.c 0x00000000   Number         0  stm32f10x_iwdg.o ABSOLUTE
    ..\Libraries\STM32F10x_StdPeriph_Driver\src\stm32f10x_pwr.c 0x00000000   Number         0  stm32f10x_pwr.o ABSOLUTE
    ..\Libraries\STM32F10x_StdPeriph_Driver\src\stm32f10x_rcc.c 0x00000000   Number         0  stm32f10x_rcc.o ABSOLUTE
    ..\Libraries\STM32F10x_StdPeriph_Driver\src\stm32f10x_rtc.c 0x00000000   Number         0  stm32f10x_rtc.o ABSOLUTE
    ..\Libraries\STM32F10x_StdPeriph_Driver\src\stm32f10x_sdio.c 0x00000000   Number         0  stm32f10x_sdio.o ABSOLUTE
    ..\Libraries\STM32F10x_StdPeriph_Driver\src\stm32f10x_spi.c 0x00000000   Number         0  stm32f10x_spi.o ABSOLUTE
    ..\Libraries\STM32F10x_StdPeriph_Driver\src\stm32f10x_tim.c 0x00000000   Number         0  stm32f10x_tim.o ABSOLUTE
    ..\Libraries\STM32F10x_StdPeriph_Driver\src\stm32f10x_usart.c 0x00000000   Number         0  stm32f10x_usart.o ABSOLUTE
    ..\Libraries\STM32F10x_StdPeriph_Driver\src\stm32f10x_wwdg.c 0x00000000   Number         0  stm32f10x_wwdg.o ABSOLUTE
    ..\Source\App\ConfigPara.c               0x00000000   Number         0  configpara.o ABSOLUTE
    ..\Source\App\DataBase.c                 0x00000000   Number         0  database.o ABSOLUTE
    ..\Source\App\Rs485Data.c                0x00000000   Number         0  rs485data.o ABSOLUTE
    ..\Source\App\TaskFun.c                  0x00000000   Number         0  taskfun.o ABSOLUTE
    ..\Source\App\bq769xx.c                  0x00000000   Number         0  bq769xx.o ABSOLUTE
    ..\Source\App\led.c                      0x00000000   Number         0  led.o ABSOLUTE
    ..\Source\App\main.c                     0x00000000   Number         0  main.o ABSOLUTE
    ..\Source\App\soc.c                      0x00000000   Number         0  soc.o ABSOLUTE
    ..\Source\Drive\Flash.c                  0x00000000   Number         0  flash.o ABSOLUTE
    ..\Source\Drive\adc.c                    0x00000000   Number         0  adc.o ABSOLUTE
    ..\Source\Drive\delay.c                  0x00000000   Number         0  delay.o ABSOLUTE
    ..\Source\Drive\gpio.c                   0x00000000   Number         0  gpio.o ABSOLUTE
    ..\Source\Drive\iic.c                    0x00000000   Number         0  iic.o ABSOLUTE
    ..\Source\Drive\sys.c                    0x00000000   Number         0  sys.o ABSOLUTE
    ..\Source\Drive\timer.c                  0x00000000   Number         0  timer.o ABSOLUTE
    ..\Source\Drive\usart.c                  0x00000000   Number         0  usart.o ABSOLUTE
    ..\Source\Drive\wdt.c                    0x00000000   Number         0  wdt.o ABSOLUTE
    ..\\Libraries\\CMSIS\\CM3\\CoreSupport\\core_cm3.c 0x00000000   Number         0  core_cm3.o ABSOLUTE
    dc.s                                     0x00000000   Number         0  dc.o ABSOLUTE
    stm32f10x_it.c                           0x00000000   Number         0  stm32f10x_it.o ABSOLUTE
    system_stm32f10x.c                       0x00000000   Number         0  system_stm32f10x.o ABSOLUTE
    RESET                                    0x08000000   Section      304  startup_stm32f10x_hd.o(RESET)
    !!!main                                  0x08000130   Section        8  __main.o(!!!main)
    !!!scatter                               0x08000138   Section       52  __scatter.o(!!!scatter)
    !!handler_copy                           0x0800016c   Section       26  __scatter_copy.o(!!handler_copy)
    !!handler_zi                             0x08000188   Section       28  __scatter_zi.o(!!handler_zi)
    .ARM.Collect$$libinit$$00000000          0x080001a4   Section        2  libinit.o(.ARM.Collect$$libinit$$00000000)
    .ARM.Collect$$libinit$$00000002          0x080001a6   Section        0  libinit2.o(.ARM.Collect$$libinit$$00000002)
    .ARM.Collect$$libinit$$00000008          0x080001a6   Section        0  libinit2.o(.ARM.Collect$$libinit$$00000008)
    .ARM.Collect$$libinit$$0000000A          0x080001a6   Section        0  libinit2.o(.ARM.Collect$$libinit$$0000000A)
    .ARM.Collect$$libinit$$0000000C          0x080001a6   Section        0  libinit2.o(.ARM.Collect$$libinit$$0000000C)
    .ARM.Collect$$libinit$$0000000F          0x080001a6   Section        0  libinit2.o(.ARM.Collect$$libinit$$0000000F)
    .ARM.Collect$$libinit$$00000011          0x080001a6   Section        0  libinit2.o(.ARM.Collect$$libinit$$00000011)
    .ARM.Collect$$libinit$$00000013          0x080001a6   Section        0  libinit2.o(.ARM.Collect$$libinit$$00000013)
    .ARM.Collect$$libinit$$00000015          0x080001a6   Section        0  libinit2.o(.ARM.Collect$$libinit$$00000015)
    .ARM.Collect$$libinit$$00000017          0x080001a6   Section        0  libinit2.o(.ARM.Collect$$libinit$$00000017)
    .ARM.Collect$$libinit$$00000019          0x080001a6   Section        0  libinit2.o(.ARM.Collect$$libinit$$00000019)
    .ARM.Collect$$libinit$$0000001B          0x080001a6   Section        0  libinit2.o(.ARM.Collect$$libinit$$0000001B)
    .ARM.Collect$$libinit$$0000001D          0x080001a6   Section        0  libinit2.o(.ARM.Collect$$libinit$$0000001D)
    .ARM.Collect$$libinit$$0000001F          0x080001a6   Section        0  libinit2.o(.ARM.Collect$$libinit$$0000001F)
    .ARM.Collect$$libinit$$00000021          0x080001a6   Section        0  libinit2.o(.ARM.Collect$$libinit$$00000021)
    .ARM.Collect$$libinit$$00000023          0x080001a6   Section        0  libinit2.o(.ARM.Collect$$libinit$$00000023)
    .ARM.Collect$$libinit$$0000002A          0x080001a6   Section        0  libinit2.o(.ARM.Collect$$libinit$$0000002A)
    .ARM.Collect$$libinit$$0000002C          0x080001a6   Section        0  libinit2.o(.ARM.Collect$$libinit$$0000002C)
    .ARM.Collect$$libinit$$0000002E          0x080001a6   Section        0  libinit2.o(.ARM.Collect$$libinit$$0000002E)
    .ARM.Collect$$libinit$$00000030          0x080001a6   Section        0  libinit2.o(.ARM.Collect$$libinit$$00000030)
    .ARM.Collect$$libinit$$00000031          0x080001a6   Section        2  libinit2.o(.ARM.Collect$$libinit$$00000031)
    .ARM.Collect$$libshutdown$$00000000      0x080001a8   Section        2  libshutdown.o(.ARM.Collect$$libshutdown$$00000000)
    .ARM.Collect$$libshutdown$$00000003      0x080001aa   Section        0  libshutdown2.o(.ARM.Collect$$libshutdown$$00000003)
    .ARM.Collect$$libshutdown$$00000006      0x080001aa   Section        0  libshutdown2.o(.ARM.Collect$$libshutdown$$00000006)
    .ARM.Collect$$libshutdown$$00000009      0x080001aa   Section        0  libshutdown2.o(.ARM.Collect$$libshutdown$$00000009)
    .ARM.Collect$$libshutdown$$0000000B      0x080001aa   Section        0  libshutdown2.o(.ARM.Collect$$libshutdown$$0000000B)
    .ARM.Collect$$libshutdown$$0000000E      0x080001aa   Section        0  libshutdown2.o(.ARM.Collect$$libshutdown$$0000000E)
    .ARM.Collect$$libshutdown$$0000000F      0x080001aa   Section        2  libshutdown2.o(.ARM.Collect$$libshutdown$$0000000F)
    .ARM.Collect$$rtentry$$00000000          0x080001ac   Section        0  rtentry.o(.ARM.Collect$$rtentry$$00000000)
    .ARM.Collect$$rtentry$$00000002          0x080001ac   Section        0  rtentry2.o(.ARM.Collect$$rtentry$$00000002)
    .ARM.Collect$$rtentry$$00000004          0x080001ac   Section        6  rtentry4.o(.ARM.Collect$$rtentry$$00000004)
    .ARM.Collect$$rtentry$$00000009          0x080001b2   Section        0  rtentry2.o(.ARM.Collect$$rtentry$$00000009)
    .ARM.Collect$$rtentry$$0000000A          0x080001b2   Section        4  rtentry2.o(.ARM.Collect$$rtentry$$0000000A)
    .ARM.Collect$$rtentry$$0000000C          0x080001b6   Section        0  rtentry2.o(.ARM.Collect$$rtentry$$0000000C)
    .ARM.Collect$$rtentry$$0000000D          0x080001b6   Section        8  rtentry2.o(.ARM.Collect$$rtentry$$0000000D)
    .ARM.Collect$$rtexit$$00000000           0x080001be   Section        2  rtexit.o(.ARM.Collect$$rtexit$$00000000)
    .ARM.Collect$$rtexit$$00000002           0x080001c0   Section        0  rtexit2.o(.ARM.Collect$$rtexit$$00000002)
    .ARM.Collect$$rtexit$$00000003           0x080001c0   Section        4  rtexit2.o(.ARM.Collect$$rtexit$$00000003)
    .ARM.Collect$$rtexit$$00000004           0x080001c4   Section        6  rtexit2.o(.ARM.Collect$$rtexit$$00000004)
    .text                                    0x080001cc   Section        0  misc.o(.text)
    .text                                    0x080002a8   Section        0  stm32f10x_gpio.o(.text)
    .text                                    0x08000600   Section        0  stm32f10x_rcc.o(.text)
    .text                                    0x0800099c   Section        0  stm32f10x_usart.o(.text)
    .text                                    0x08000da4   Section        0  stm32f10x_tim.o(.text)
    TI4_Config                               0x0800124b   Thumb Code   130  stm32f10x_tim.o(.text)
    TI3_Config                               0x080012df   Thumb Code   122  stm32f10x_tim.o(.text)
    TI2_Config                               0x08001373   Thumb Code   130  stm32f10x_tim.o(.text)
    TI1_Config                               0x08001407   Thumb Code   108  stm32f10x_tim.o(.text)
    .text                                    0x08001bc0   Section        0  stm32f10x_adc.o(.text)
    .text                                    0x08001ffc   Section        0  stm32f10x_dma.o(.text)
    .text                                    0x0800224c   Section        0  stm32f10x_flash.o(.text)
    .text                                    0x08002800   Section       64  startup_stm32f10x_hd.o(.text)
    .text                                    0x08002840   Section        0  stm32f10x_it.o(.text)
    .text                                    0x08002858   Section        0  system_stm32f10x.o(.text)
    SetSysClockTo72                          0x08002859   Thumb Code   192  system_stm32f10x.o(.text)
    SetSysClock                              0x08002919   Thumb Code     8  system_stm32f10x.o(.text)
    .text                                    0x08002a20   Section        0  main.o(.text)
    .text                                    0x08002af8   Section        0  bq769xx.o(.text)
    pack_cell_max_min                        0x08002de3   Thumb Code    70  bq769xx.o(.text)
    pack_temp_max_min                        0x08002e29   Thumb Code    76  bq769xx.o(.text)
    .text                                    0x08003660   Section        0  configpara.o(.text)
    .text                                    0x08003784   Section        0  led.o(.text)
    .text                                    0x080037c4   Section        0  rs485data.o(.text)
    PcComm_Pro                               0x080037f1   Thumb Code   116  rs485data.o(.text)
    Rs485_Rec_PCdata                         0x08003a13   Thumb Code    70  rs485data.o(.text)
    .text                                    0x08003aa8   Section        0  taskfun.o(.text)
    Sys_State_Check                          0x08003aa9   Thumb Code    68  taskfun.o(.text)
    Sys_Mode_Charge                          0x08003aed   Thumb Code   170  taskfun.o(.text)
    .text                                    0x08003bb8   Section        0  soc.o(.text)
    batt_AHinte_calcua_soc                   0x08003bfd   Thumb Code   320  soc.o(.text)
    Seeka_OcvSoc_Table                       0x08003d3d   Thumb Code   188  soc.o(.text)
    batt_ocvsoc_calcua_soc                   0x08003df9   Thumb Code   142  soc.o(.text)
    rate_limit_max_min                       0x08003e87   Thumb Code    32  soc.o(.text)
    batt_temp_full_cap                       0x08003ea7   Thumb Code   322  soc.o(.text)
    .text                                    0x0800402c   Section        0  adc.o(.text)
    .text                                    0x08004288   Section        0  delay.o(.text)
    .text                                    0x08004358   Section        0  flash.o(.text)
    .text                                    0x080043c8   Section        0  gpio.o(.text)
    .text                                    0x0800453c   Section        0  iic.o(.text)
    .text                                    0x08004ad2   Section        0  sys.o(.text)
    .text                                    0x08004ae0   Section        0  timer.o(.text)
    .text                                    0x08004c54   Section        0  usart.o(.text)
    .text                                    0x0800502c   Section      138  rt_memcpy_v6.o(.text)
    .text                                    0x080050b6   Section      100  rt_memcpy_w.o(.text)
    .text                                    0x0800511a   Section       78  rt_memclr_w.o(.text)
    .text                                    0x08005168   Section        0  heapauxi.o(.text)
    .text                                    0x0800516e   Section       74  sys_stackheap_outer.o(.text)
    .text                                    0x080051b8   Section        0  exit.o(.text)
    .text                                    0x080051c4   Section        8  libspace.o(.text)
    .text                                    0x080051cc   Section        0  sys_exit.o(.text)
    .text                                    0x080051d8   Section        2  use_no_semi.o(.text)
    .constdata                               0x080051da   Section      200  soc.o(.constdata)
    .text                                    0x080051da   Section        0  indicate_semi.o(.text)
    .constdata                               0x080052a4   Section      124  adc.o(.constdata)
    TemD                                     0x080052a4   Data         124  adc.o(.constdata)
    .data                                    0x20000000   Section       20  stm32f10x_rcc.o(.data)
    APBAHBPrescTable                         0x20000000   Data          16  stm32f10x_rcc.o(.data)
    ADCPrescTable                            0x20000010   Data           4  stm32f10x_rcc.o(.data)
    .data                                    0x20000014   Section       20  system_stm32f10x.o(.data)
    .data                                    0x20000028   Section       22  bq769xx.o(.data)
    stup_balan                               0x20000039   Data           1  bq769xx.o(.data)
    balanwait_cnt                            0x2000003a   Data           2  bq769xx.o(.data)
    balantime_cnt                            0x2000003c   Data           2  bq769xx.o(.data)
    .data                                    0x2000003e   Section        2  rs485data.o(.data)
    .data                                    0x20000040   Section        7  taskfun.o(.data)
    slee_info_cnt                            0x20000040   Data           4  taskfun.o(.data)
    wait_time_cnt                            0x20000045   Data           1  taskfun.o(.data)
    chg_dsg_off_flag                         0x20000046   Data           1  taskfun.o(.data)
    .data                                    0x20000048   Section        9  soc.o(.data)
    soc_ovp_flag                             0x20000048   Data           1  soc.o(.data)
    soc_uvp_flag                             0x20000049   Data           1  soc.o(.data)
    stanby_ocv_cnt                           0x2000004a   Data           2  soc.o(.data)
    wait_tim_cnt                             0x2000004c   Data           1  soc.o(.data)
    temp_last                                0x2000004e   Data           2  soc.o(.data)
    soc_flag                                 0x20000050   Data           1  soc.o(.data)
    .data                                    0x20000051   Section        1  adc.o(.data)
    TemNA                                    0x20000051   Data           1  adc.o(.data)
    .data                                    0x20000052   Section        4  delay.o(.data)
    fac_us                                   0x20000052   Data           1  delay.o(.data)
    fac_ms                                   0x20000054   Data           2  delay.o(.data)
    .data                                    0x20000056   Section       12  usart.o(.data)
    RBUp2                                    0x20000056   Data           1  usart.o(.data)
    RBDown2                                  0x20000057   Data           1  usart.o(.data)
    Uart2ACC                                 0x20000058   Data           1  usart.o(.data)
    Uart2CntR                                0x20000059   Data           1  usart.o(.data)
    Uart2CntTT                               0x2000005a   Data           1  usart.o(.data)
    Uart2Stt                                 0x2000005b   Data           1  usart.o(.data)
    Uart2_State                              0x2000005c   Data           1  usart.o(.data)
    Uart2ErrCountTime                        0x2000005e   Data           2  usart.o(.data)
    Uart1ErrCountTime                        0x20000060   Data           2  usart.o(.data)
    .bss                                     0x20000064   Section       14  main.o(.bss)
    .bss                                     0x20000072   Section      142  bq769xx.o(.bss)
    volta_cell_sort                          0x2000009a   Data          30  bq769xx.o(.bss)
    volta_flag_sort                          0x200000b8   Data          15  bq769xx.o(.bss)
    .bss                                     0x20000100   Section       96  configpara.o(.bss)
    .bss                                     0x20000160   Section      228  database.o(.bss)
    .bss                                     0x20000244   Section       10  adc.o(.bss)
    ADC_ConvertedValue                       0x20000244   Data          10  adc.o(.bss)
    .bss                                     0x2000024e   Section      510  usart.o(.bss)
    Uart2Recv                                0x2000024e   Data         255  usart.o(.bss)
    Uart2RecvBuf                             0x2000034d   Data         255  usart.o(.bss)
    .bss                                     0x2000044c   Section       96  libspace.o(.bss)
    HEAP                                     0x200004b0   Section      512  startup_stm32f10x_hd.o(HEAP)
    Heap_Mem                                 0x200004b0   Data         512  startup_stm32f10x_hd.o(HEAP)
    STACK                                    0x200006b0   Section     1024  startup_stm32f10x_hd.o(STACK)
    Stack_Mem                                0x200006b0   Data        1024  startup_stm32f10x_hd.o(STACK)
    __initial_sp                             0x20000ab0   Data           0  startup_stm32f10x_hd.o(STACK)

    Global Symbols

    Symbol Name                              Value     Ov Type        Size  Object(Section)

    BuildAttributes$$THM_ISAv4$P$D$K$B$S$PE$A:L22UL41UL21$X:L11$S22US41US21$IEEE1$IW$USESV6$~STKCKD$USESV7$~SHL$OSPACE$ROPI$EBA8$UX$STANDARDLIB$REQ8$PRES8$EABIv2 0x00000000   Number         0  anon$$obj.o ABSOLUTE
    __ARM_use_no_argv                        0x00000000   Number         0  main.o ABSOLUTE
    __ARM_exceptions_init                     - Undefined Weak Reference
    __alloca_initialize                       - Undefined Weak Reference
    __cpp_initialize__aeabi_                  - Undefined Weak Reference
    __cxa_finalize                            - Undefined Weak Reference
    __rt_locale                               - Undefined Weak Reference
    __sigvec_lookup                           - Undefined Weak Reference
    _atexit_init                              - Undefined Weak Reference
    _call_atexit_fns                          - Undefined Weak Reference
    _clock_init                               - Undefined Weak Reference
    _fp_trap_init                             - Undefined Weak Reference
    _fp_trap_shutdown                         - Undefined Weak Reference
    _get_lc_collate                           - Undefined Weak Reference
    _get_lc_ctype                             - Undefined Weak Reference
    _get_lc_monetary                          - Undefined Weak Reference
    _get_lc_numeric                           - Undefined Weak Reference
    _get_lc_time                              - Undefined Weak Reference
    _getenv_init                              - Undefined Weak Reference
    _handle_redirection                       - Undefined Weak Reference
    _init_alloc                               - Undefined Weak Reference
    _init_user_alloc                          - Undefined Weak Reference
    _initio                                   - Undefined Weak Reference
    _rand_init                                - Undefined Weak Reference
    _signal_finish                            - Undefined Weak Reference
    _signal_init                              - Undefined Weak Reference
    _terminate_alloc                          - Undefined Weak Reference
    _terminate_user_alloc                     - Undefined Weak Reference
    _terminateio                              - Undefined Weak Reference
    __Vectors_Size                           0x00000130   Number         0  startup_stm32f10x_hd.o ABSOLUTE
    __Vectors                                0x08000000   Data           4  startup_stm32f10x_hd.o(RESET)
    __Vectors_End                            0x08000130   Data           0  startup_stm32f10x_hd.o(RESET)
    __main                                   0x08000131   Thumb Code     8  __main.o(!!!main)
    __scatterload                            0x08000139   Thumb Code     0  __scatter.o(!!!scatter)
    __scatterload_rt2                        0x08000139   Thumb Code    44  __scatter.o(!!!scatter)
    __scatterload_rt2_thumb_only             0x08000139   Thumb Code     0  __scatter.o(!!!scatter)
    __scatterload_null                       0x08000147   Thumb Code     0  __scatter.o(!!!scatter)
    __scatterload_copy                       0x0800016d   Thumb Code    26  __scatter_copy.o(!!handler_copy)
    __scatterload_zeroinit                   0x08000189   Thumb Code    28  __scatter_zi.o(!!handler_zi)
    __rt_lib_init                            0x080001a5   Thumb Code     0  libinit.o(.ARM.Collect$$libinit$$00000000)
    __rt_lib_init_alloca_1                   0x080001a7   Thumb Code     0  libinit2.o(.ARM.Collect$$libinit$$0000002C)
    __rt_lib_init_argv_1                     0x080001a7   Thumb Code     0  libinit2.o(.ARM.Collect$$libinit$$0000002A)
    __rt_lib_init_atexit_1                   0x080001a7   Thumb Code     0  libinit2.o(.ARM.Collect$$libinit$$00000019)
    __rt_lib_init_clock_1                    0x080001a7   Thumb Code     0  libinit2.o(.ARM.Collect$$libinit$$0000001F)
    __rt_lib_init_cpp_1                      0x080001a7   Thumb Code     0  libinit2.o(.ARM.Collect$$libinit$$00000030)
    __rt_lib_init_exceptions_1               0x080001a7   Thumb Code     0  libinit2.o(.ARM.Collect$$libinit$$0000002E)
    __rt_lib_init_fp_1                       0x080001a7   Thumb Code     0  libinit2.o(.ARM.Collect$$libinit$$00000002)
    __rt_lib_init_fp_trap_1                  0x080001a7   Thumb Code     0  libinit2.o(.ARM.Collect$$libinit$$0000001D)
    __rt_lib_init_getenv_1                   0x080001a7   Thumb Code     0  libinit2.o(.ARM.Collect$$libinit$$00000021)
    __rt_lib_init_heap_1                     0x080001a7   Thumb Code     0  libinit2.o(.ARM.Collect$$libinit$$00000008)
    __rt_lib_init_lc_collate_1               0x080001a7   Thumb Code     0  libinit2.o(.ARM.Collect$$libinit$$0000000F)
    __rt_lib_init_lc_ctype_1                 0x080001a7   Thumb Code     0  libinit2.o(.ARM.Collect$$libinit$$00000011)
    __rt_lib_init_lc_monetary_1              0x080001a7   Thumb Code     0  libinit2.o(.ARM.Collect$$libinit$$00000013)
    __rt_lib_init_lc_numeric_1               0x080001a7   Thumb Code     0  libinit2.o(.ARM.Collect$$libinit$$00000015)
    __rt_lib_init_lc_time_1                  0x080001a7   Thumb Code     0  libinit2.o(.ARM.Collect$$libinit$$00000017)
    __rt_lib_init_rand_1                     0x080001a7   Thumb Code     0  libinit2.o(.ARM.Collect$$libinit$$0000000C)
    __rt_lib_init_return                     0x080001a7   Thumb Code     0  libinit2.o(.ARM.Collect$$libinit$$00000031)
    __rt_lib_init_signal_1                   0x080001a7   Thumb Code     0  libinit2.o(.ARM.Collect$$libinit$$0000001B)
    __rt_lib_init_stdio_1                    0x080001a7   Thumb Code     0  libinit2.o(.ARM.Collect$$libinit$$00000023)
    __rt_lib_init_user_alloc_1               0x080001a7   Thumb Code     0  libinit2.o(.ARM.Collect$$libinit$$0000000A)
    __rt_lib_shutdown                        0x080001a9   Thumb Code     0  libshutdown.o(.ARM.Collect$$libshutdown$$00000000)
    __rt_lib_shutdown_fp_trap_1              0x080001ab   Thumb Code     0  libshutdown2.o(.ARM.Collect$$libshutdown$$00000006)
    __rt_lib_shutdown_heap_1                 0x080001ab   Thumb Code     0  libshutdown2.o(.ARM.Collect$$libshutdown$$0000000E)
    __rt_lib_shutdown_return                 0x080001ab   Thumb Code     0  libshutdown2.o(.ARM.Collect$$libshutdown$$0000000F)
    __rt_lib_shutdown_signal_1               0x080001ab   Thumb Code     0  libshutdown2.o(.ARM.Collect$$libshutdown$$00000009)
    __rt_lib_shutdown_stdio_1                0x080001ab   Thumb Code     0  libshutdown2.o(.ARM.Collect$$libshutdown$$00000003)
    __rt_lib_shutdown_user_alloc_1           0x080001ab   Thumb Code     0  libshutdown2.o(.ARM.Collect$$libshutdown$$0000000B)
    __rt_entry                               0x080001ad   Thumb Code     0  rtentry.o(.ARM.Collect$$rtentry$$00000000)
    __rt_entry_presh_1                       0x080001ad   Thumb Code     0  rtentry2.o(.ARM.Collect$$rtentry$$00000002)
    __rt_entry_sh                            0x080001ad   Thumb Code     0  rtentry4.o(.ARM.Collect$$rtentry$$00000004)
    __rt_entry_li                            0x080001b3   Thumb Code     0  rtentry2.o(.ARM.Collect$$rtentry$$0000000A)
    __rt_entry_postsh_1                      0x080001b3   Thumb Code     0  rtentry2.o(.ARM.Collect$$rtentry$$00000009)
    __rt_entry_main                          0x080001b7   Thumb Code     0  rtentry2.o(.ARM.Collect$$rtentry$$0000000D)
    __rt_entry_postli_1                      0x080001b7   Thumb Code     0  rtentry2.o(.ARM.Collect$$rtentry$$0000000C)
    __rt_exit                                0x080001bf   Thumb Code     0  rtexit.o(.ARM.Collect$$rtexit$$00000000)
    __rt_exit_ls                             0x080001c1   Thumb Code     0  rtexit2.o(.ARM.Collect$$rtexit$$00000003)
    __rt_exit_prels_1                        0x080001c1   Thumb Code     0  rtexit2.o(.ARM.Collect$$rtexit$$00000002)
    __rt_exit_exit                           0x080001c5   Thumb Code     0  rtexit2.o(.ARM.Collect$$rtexit$$00000004)
    NVIC_PriorityGroupConfig                 0x080001cd   Thumb Code    10  misc.o(.text)
    NVIC_Init                                0x080001d7   Thumb Code   102  misc.o(.text)
    NVIC_SetVectorTable                      0x0800023d   Thumb Code    14  misc.o(.text)
    NVIC_SystemLPConfig                      0x0800024b   Thumb Code    34  misc.o(.text)
    SysTick_CLKSourceConfig                  0x0800026d   Thumb Code    40  misc.o(.text)
    GPIO_DeInit                              0x080002a9   Thumb Code   172  stm32f10x_gpio.o(.text)
    GPIO_AFIODeInit                          0x08000355   Thumb Code    20  stm32f10x_gpio.o(.text)
    GPIO_Init                                0x08000369   Thumb Code   274  stm32f10x_gpio.o(.text)
    GPIO_StructInit                          0x0800047b   Thumb Code    16  stm32f10x_gpio.o(.text)
    GPIO_ReadInputDataBit                    0x0800048b   Thumb Code    18  stm32f10x_gpio.o(.text)
    GPIO_ReadInputData                       0x0800049d   Thumb Code     8  stm32f10x_gpio.o(.text)
    GPIO_ReadOutputDataBit                   0x080004a5   Thumb Code    18  stm32f10x_gpio.o(.text)
    GPIO_ReadOutputData                      0x080004b7   Thumb Code     8  stm32f10x_gpio.o(.text)
    GPIO_SetBits                             0x080004bf   Thumb Code     4  stm32f10x_gpio.o(.text)
    GPIO_ResetBits                           0x080004c3   Thumb Code     4  stm32f10x_gpio.o(.text)
    GPIO_WriteBit                            0x080004c7   Thumb Code    10  stm32f10x_gpio.o(.text)
    GPIO_Write                               0x080004d1   Thumb Code     4  stm32f10x_gpio.o(.text)
    GPIO_PinLockConfig                       0x080004d5   Thumb Code    18  stm32f10x_gpio.o(.text)
    GPIO_EventOutputConfig                   0x080004e7   Thumb Code    26  stm32f10x_gpio.o(.text)
    GPIO_EventOutputCmd                      0x08000501   Thumb Code     6  stm32f10x_gpio.o(.text)
    GPIO_PinRemapConfig                      0x08000507   Thumb Code   138  stm32f10x_gpio.o(.text)
    GPIO_EXTILineConfig                      0x08000591   Thumb Code    66  stm32f10x_gpio.o(.text)
    GPIO_ETH_MediaInterfaceConfig            0x080005d3   Thumb Code     6  stm32f10x_gpio.o(.text)
    RCC_DeInit                               0x08000601   Thumb Code    64  stm32f10x_rcc.o(.text)
    RCC_HSEConfig                            0x08000641   Thumb Code    70  stm32f10x_rcc.o(.text)
    RCC_GetFlagStatus                        0x08000687   Thumb Code    56  stm32f10x_rcc.o(.text)
    RCC_WaitForHSEStartUp                    0x080006bf   Thumb Code    48  stm32f10x_rcc.o(.text)
    RCC_AdjustHSICalibrationValue            0x080006ef   Thumb Code    20  stm32f10x_rcc.o(.text)
    RCC_HSICmd                               0x08000703   Thumb Code     6  stm32f10x_rcc.o(.text)
    RCC_PLLConfig                            0x08000709   Thumb Code    24  stm32f10x_rcc.o(.text)
    RCC_PLLCmd                               0x08000721   Thumb Code     6  stm32f10x_rcc.o(.text)
    RCC_SYSCLKConfig                         0x08000727   Thumb Code    18  stm32f10x_rcc.o(.text)
    RCC_GetSYSCLKSource                      0x08000739   Thumb Code    10  stm32f10x_rcc.o(.text)
    RCC_HCLKConfig                           0x08000743   Thumb Code    18  stm32f10x_rcc.o(.text)
    RCC_PCLK1Config                          0x08000755   Thumb Code    18  stm32f10x_rcc.o(.text)
    RCC_PCLK2Config                          0x08000767   Thumb Code    20  stm32f10x_rcc.o(.text)
    RCC_ITConfig                             0x0800077b   Thumb Code    26  stm32f10x_rcc.o(.text)
    RCC_USBCLKConfig                         0x08000795   Thumb Code     6  stm32f10x_rcc.o(.text)
    RCC_ADCCLKConfig                         0x0800079b   Thumb Code    18  stm32f10x_rcc.o(.text)
    RCC_LSEConfig                            0x080007ad   Thumb Code    44  stm32f10x_rcc.o(.text)
    RCC_LSICmd                               0x080007d9   Thumb Code     6  stm32f10x_rcc.o(.text)
    RCC_RTCCLKConfig                         0x080007df   Thumb Code    12  stm32f10x_rcc.o(.text)
    RCC_RTCCLKCmd                            0x080007eb   Thumb Code     8  stm32f10x_rcc.o(.text)
    RCC_GetClocksFreq                        0x080007f3   Thumb Code   192  stm32f10x_rcc.o(.text)
    RCC_AHBPeriphClockCmd                    0x080008b3   Thumb Code    26  stm32f10x_rcc.o(.text)
    RCC_APB2PeriphClockCmd                   0x080008cd   Thumb Code    26  stm32f10x_rcc.o(.text)
    RCC_APB1PeriphClockCmd                   0x080008e7   Thumb Code    26  stm32f10x_rcc.o(.text)
    RCC_APB2PeriphResetCmd                   0x08000901   Thumb Code    26  stm32f10x_rcc.o(.text)
    RCC_APB1PeriphResetCmd                   0x0800091b   Thumb Code    26  stm32f10x_rcc.o(.text)
    RCC_BackupResetCmd                       0x08000935   Thumb Code     8  stm32f10x_rcc.o(.text)
    RCC_ClockSecuritySystemCmd               0x0800093d   Thumb Code     6  stm32f10x_rcc.o(.text)
    RCC_MCOConfig                            0x08000943   Thumb Code     6  stm32f10x_rcc.o(.text)
    RCC_ClearFlag                            0x08000949   Thumb Code    14  stm32f10x_rcc.o(.text)
    RCC_GetITStatus                          0x08000957   Thumb Code    20  stm32f10x_rcc.o(.text)
    RCC_ClearITPendingBit                    0x0800096b   Thumb Code     6  stm32f10x_rcc.o(.text)
    USART_DeInit                             0x0800099d   Thumb Code   134  stm32f10x_usart.o(.text)
    USART_Init                               0x08000a23   Thumb Code   210  stm32f10x_usart.o(.text)
    USART_StructInit                         0x08000af5   Thumb Code    24  stm32f10x_usart.o(.text)
    USART_ClockInit                          0x08000b0d   Thumb Code    34  stm32f10x_usart.o(.text)
    USART_ClockStructInit                    0x08000b2f   Thumb Code    12  stm32f10x_usart.o(.text)
    USART_Cmd                                0x08000b3b   Thumb Code    24  stm32f10x_usart.o(.text)
    USART_ITConfig                           0x08000b53   Thumb Code    74  stm32f10x_usart.o(.text)
    USART_DMACmd                             0x08000b9d   Thumb Code    18  stm32f10x_usart.o(.text)
    USART_SetAddress                         0x08000baf   Thumb Code    18  stm32f10x_usart.o(.text)
    USART_WakeUpConfig                       0x08000bc1   Thumb Code    18  stm32f10x_usart.o(.text)
    USART_ReceiverWakeUpCmd                  0x08000bd3   Thumb Code    24  stm32f10x_usart.o(.text)
    USART_LINBreakDetectLengthConfig         0x08000beb   Thumb Code    18  stm32f10x_usart.o(.text)
    USART_LINCmd                             0x08000bfd   Thumb Code    24  stm32f10x_usart.o(.text)
    USART_SendData                           0x08000c15   Thumb Code     8  stm32f10x_usart.o(.text)
    USART_ReceiveData                        0x08000c1d   Thumb Code    10  stm32f10x_usart.o(.text)
    USART_SendBreak                          0x08000c27   Thumb Code    10  stm32f10x_usart.o(.text)
    USART_SetGuardTime                       0x08000c31   Thumb Code    16  stm32f10x_usart.o(.text)
    USART_SetPrescaler                       0x08000c41   Thumb Code    16  stm32f10x_usart.o(.text)
    USART_SmartCardCmd                       0x08000c51   Thumb Code    24  stm32f10x_usart.o(.text)
    USART_SmartCardNACKCmd                   0x08000c69   Thumb Code    24  stm32f10x_usart.o(.text)
    USART_HalfDuplexCmd                      0x08000c81   Thumb Code    24  stm32f10x_usart.o(.text)
    USART_OverSampling8Cmd                   0x08000c99   Thumb Code    22  stm32f10x_usart.o(.text)
    USART_OneBitMethodCmd                    0x08000caf   Thumb Code    24  stm32f10x_usart.o(.text)
    USART_IrDAConfig                         0x08000cc7   Thumb Code    18  stm32f10x_usart.o(.text)
    USART_IrDACmd                            0x08000cd9   Thumb Code    24  stm32f10x_usart.o(.text)
    USART_GetFlagStatus                      0x08000cf1   Thumb Code    26  stm32f10x_usart.o(.text)
    USART_ClearFlag                          0x08000d0b   Thumb Code    18  stm32f10x_usart.o(.text)
    USART_GetITStatus                        0x08000d1d   Thumb Code    84  stm32f10x_usart.o(.text)
    USART_ClearITPendingBit                  0x08000d71   Thumb Code    52  stm32f10x_usart.o(.text)
    TIM_DeInit                               0x08000da5   Thumb Code   424  stm32f10x_tim.o(.text)
    TIM_TimeBaseInit                         0x08000f4d   Thumb Code   122  stm32f10x_tim.o(.text)
    TIM_OC1Init                              0x08000fc7   Thumb Code   132  stm32f10x_tim.o(.text)
    TIM_OC2Init                              0x0800104b   Thumb Code   154  stm32f10x_tim.o(.text)
    TIM_OC3Init                              0x080010e5   Thumb Code   150  stm32f10x_tim.o(.text)
    TIM_OC4Init                              0x0800117b   Thumb Code   182  stm32f10x_tim.o(.text)
    TIM_SetIC4Prescaler                      0x08001231   Thumb Code    26  stm32f10x_tim.o(.text)
    TIM_SetIC3Prescaler                      0x080012cd   Thumb Code    18  stm32f10x_tim.o(.text)
    TIM_SetIC2Prescaler                      0x08001359   Thumb Code    26  stm32f10x_tim.o(.text)
    TIM_SetIC1Prescaler                      0x080013f5   Thumb Code    18  stm32f10x_tim.o(.text)
    TIM_ICInit                               0x08001473   Thumb Code   150  stm32f10x_tim.o(.text)
    TIM_PWMIConfig                           0x08001509   Thumb Code   124  stm32f10x_tim.o(.text)
    TIM_BDTRConfig                           0x08001585   Thumb Code    32  stm32f10x_tim.o(.text)
    TIM_TimeBaseStructInit                   0x080015a5   Thumb Code    18  stm32f10x_tim.o(.text)
    TIM_OCStructInit                         0x080015b7   Thumb Code    20  stm32f10x_tim.o(.text)
    TIM_ICStructInit                         0x080015cb   Thumb Code    18  stm32f10x_tim.o(.text)
    TIM_BDTRStructInit                       0x080015dd   Thumb Code    40  stm32f10x_tim.o(.text)
    TIM_Cmd                                  0x08001605   Thumb Code    24  stm32f10x_tim.o(.text)
    TIM_CtrlPWMOutputs                       0x0800161d   Thumb Code    30  stm32f10x_tim.o(.text)
    TIM_ITConfig                             0x0800163b   Thumb Code    18  stm32f10x_tim.o(.text)
    TIM_GenerateEvent                        0x0800164d   Thumb Code     4  stm32f10x_tim.o(.text)
    TIM_DMAConfig                            0x08001651   Thumb Code    10  stm32f10x_tim.o(.text)
    TIM_DMACmd                               0x0800165b   Thumb Code    18  stm32f10x_tim.o(.text)
    TIM_InternalClockConfig                  0x0800166d   Thumb Code    12  stm32f10x_tim.o(.text)
    TIM_SelectInputTrigger                   0x08001679   Thumb Code    18  stm32f10x_tim.o(.text)
    TIM_ITRxExternalClockConfig              0x0800168b   Thumb Code    24  stm32f10x_tim.o(.text)
    TIM_TIxExternalClockConfig               0x080016a3   Thumb Code    62  stm32f10x_tim.o(.text)
    TIM_ETRConfig                            0x080016e1   Thumb Code    28  stm32f10x_tim.o(.text)
    TIM_ETRClockMode1Config                  0x080016fd   Thumb Code    54  stm32f10x_tim.o(.text)
    TIM_ETRClockMode2Config                  0x08001733   Thumb Code    32  stm32f10x_tim.o(.text)
    TIM_PrescalerConfig                      0x08001753   Thumb Code     6  stm32f10x_tim.o(.text)
    TIM_CounterModeConfig                    0x08001759   Thumb Code    18  stm32f10x_tim.o(.text)
    TIM_EncoderInterfaceConfig               0x0800176b   Thumb Code    66  stm32f10x_tim.o(.text)
    TIM_ForcedOC1Config                      0x080017ad   Thumb Code    18  stm32f10x_tim.o(.text)
    TIM_ForcedOC2Config                      0x080017bf   Thumb Code    26  stm32f10x_tim.o(.text)
    TIM_ForcedOC3Config                      0x080017d9   Thumb Code    18  stm32f10x_tim.o(.text)
    TIM_ForcedOC4Config                      0x080017eb   Thumb Code    26  stm32f10x_tim.o(.text)
    TIM_ARRPreloadConfig                     0x08001805   Thumb Code    24  stm32f10x_tim.o(.text)
    TIM_SelectCOM                            0x0800181d   Thumb Code    24  stm32f10x_tim.o(.text)
    TIM_SelectCCDMA                          0x08001835   Thumb Code    24  stm32f10x_tim.o(.text)
    TIM_CCPreloadControl                     0x0800184d   Thumb Code    24  stm32f10x_tim.o(.text)
    TIM_OC1PreloadConfig                     0x08001865   Thumb Code    18  stm32f10x_tim.o(.text)
    TIM_OC2PreloadConfig                     0x08001877   Thumb Code    26  stm32f10x_tim.o(.text)
    TIM_OC3PreloadConfig                     0x08001891   Thumb Code    18  stm32f10x_tim.o(.text)
    TIM_OC4PreloadConfig                     0x080018a3   Thumb Code    26  stm32f10x_tim.o(.text)
    TIM_OC1FastConfig                        0x080018bd   Thumb Code    18  stm32f10x_tim.o(.text)
    TIM_OC2FastConfig                        0x080018cf   Thumb Code    26  stm32f10x_tim.o(.text)
    TIM_OC3FastConfig                        0x080018e9   Thumb Code    18  stm32f10x_tim.o(.text)
    TIM_OC4FastConfig                        0x080018fb   Thumb Code    26  stm32f10x_tim.o(.text)
    TIM_ClearOC1Ref                          0x08001915   Thumb Code    18  stm32f10x_tim.o(.text)
    TIM_ClearOC2Ref                          0x08001927   Thumb Code    24  stm32f10x_tim.o(.text)
    TIM_ClearOC3Ref                          0x0800193f   Thumb Code    18  stm32f10x_tim.o(.text)
    TIM_ClearOC4Ref                          0x08001951   Thumb Code    24  stm32f10x_tim.o(.text)
    TIM_OC1PolarityConfig                    0x08001969   Thumb Code    18  stm32f10x_tim.o(.text)
    TIM_OC1NPolarityConfig                   0x0800197b   Thumb Code    18  stm32f10x_tim.o(.text)
    TIM_OC2PolarityConfig                    0x0800198d   Thumb Code    26  stm32f10x_tim.o(.text)
    TIM_OC2NPolarityConfig                   0x080019a7   Thumb Code    26  stm32f10x_tim.o(.text)
    TIM_OC3PolarityConfig                    0x080019c1   Thumb Code    26  stm32f10x_tim.o(.text)
    TIM_OC3NPolarityConfig                   0x080019db   Thumb Code    26  stm32f10x_tim.o(.text)
    TIM_OC4PolarityConfig                    0x080019f5   Thumb Code    26  stm32f10x_tim.o(.text)
    TIM_CCxCmd                               0x08001a0f   Thumb Code    30  stm32f10x_tim.o(.text)
    TIM_CCxNCmd                              0x08001a2d   Thumb Code    30  stm32f10x_tim.o(.text)
    TIM_SelectOCxM                           0x08001a4b   Thumb Code    82  stm32f10x_tim.o(.text)
    TIM_UpdateDisableConfig                  0x08001a9d   Thumb Code    24  stm32f10x_tim.o(.text)
    TIM_UpdateRequestConfig                  0x08001ab5   Thumb Code    24  stm32f10x_tim.o(.text)
    TIM_SelectHallSensor                     0x08001acd   Thumb Code    24  stm32f10x_tim.o(.text)
    TIM_SelectOnePulseMode                   0x08001ae5   Thumb Code    18  stm32f10x_tim.o(.text)
    TIM_SelectOutputTrigger                  0x08001af7   Thumb Code    18  stm32f10x_tim.o(.text)
    TIM_SelectSlaveMode                      0x08001b09   Thumb Code    18  stm32f10x_tim.o(.text)
    TIM_SelectMasterSlaveMode                0x08001b1b   Thumb Code    18  stm32f10x_tim.o(.text)
    TIM_SetCounter                           0x08001b2d   Thumb Code     4  stm32f10x_tim.o(.text)
    TIM_SetAutoreload                        0x08001b31   Thumb Code     4  stm32f10x_tim.o(.text)
    TIM_SetCompare1                          0x08001b35   Thumb Code     4  stm32f10x_tim.o(.text)
    TIM_SetCompare2                          0x08001b39   Thumb Code     4  stm32f10x_tim.o(.text)
    TIM_SetCompare3                          0x08001b3d   Thumb Code     4  stm32f10x_tim.o(.text)
    TIM_SetCompare4                          0x08001b41   Thumb Code     6  stm32f10x_tim.o(.text)
    TIM_SetClockDivision                     0x08001b47   Thumb Code    18  stm32f10x_tim.o(.text)
    TIM_GetCapture1                          0x08001b59   Thumb Code     6  stm32f10x_tim.o(.text)
    TIM_GetCapture2                          0x08001b5f   Thumb Code     6  stm32f10x_tim.o(.text)
    TIM_GetCapture3                          0x08001b65   Thumb Code     6  stm32f10x_tim.o(.text)
    TIM_GetCapture4                          0x08001b6b   Thumb Code     8  stm32f10x_tim.o(.text)
    TIM_GetCounter                           0x08001b73   Thumb Code     6  stm32f10x_tim.o(.text)
    TIM_GetPrescaler                         0x08001b79   Thumb Code     6  stm32f10x_tim.o(.text)
    TIM_GetFlagStatus                        0x08001b7f   Thumb Code    18  stm32f10x_tim.o(.text)
    TIM_ClearFlag                            0x08001b91   Thumb Code     6  stm32f10x_tim.o(.text)
    TIM_GetITStatus                          0x08001b97   Thumb Code    34  stm32f10x_tim.o(.text)
    TIM_ClearITPendingBit                    0x08001bb9   Thumb Code     6  stm32f10x_tim.o(.text)
    ADC_DeInit                               0x08001bc1   Thumb Code    78  stm32f10x_adc.o(.text)
    ADC_Init                                 0x08001c0f   Thumb Code    70  stm32f10x_adc.o(.text)
    ADC_StructInit                           0x08001c55   Thumb Code    18  stm32f10x_adc.o(.text)
    ADC_Cmd                                  0x08001c67   Thumb Code    22  stm32f10x_adc.o(.text)
    ADC_DMACmd                               0x08001c7d   Thumb Code    22  stm32f10x_adc.o(.text)
    ADC_ITConfig                             0x08001c93   Thumb Code    24  stm32f10x_adc.o(.text)
    ADC_ResetCalibration                     0x08001cab   Thumb Code    10  stm32f10x_adc.o(.text)
    ADC_GetResetCalibrationStatus            0x08001cb5   Thumb Code    20  stm32f10x_adc.o(.text)
    ADC_StartCalibration                     0x08001cc9   Thumb Code    10  stm32f10x_adc.o(.text)
    ADC_GetCalibrationStatus                 0x08001cd3   Thumb Code    20  stm32f10x_adc.o(.text)
    ADC_SoftwareStartConvCmd                 0x08001ce7   Thumb Code    22  stm32f10x_adc.o(.text)
    ADC_GetSoftwareStartConvStatus           0x08001cfd   Thumb Code    20  stm32f10x_adc.o(.text)
    ADC_DiscModeChannelCountConfig           0x08001d11   Thumb Code    24  stm32f10x_adc.o(.text)
    ADC_DiscModeCmd                          0x08001d29   Thumb Code    22  stm32f10x_adc.o(.text)
    ADC_RegularChannelConfig                 0x08001d3f   Thumb Code   184  stm32f10x_adc.o(.text)
    ADC_ExternalTrigConvCmd                  0x08001df7   Thumb Code    22  stm32f10x_adc.o(.text)
    ADC_GetConversionValue                   0x08001e0d   Thumb Code     8  stm32f10x_adc.o(.text)
    ADC_GetDualModeConversionValue           0x08001e15   Thumb Code     8  stm32f10x_adc.o(.text)
    ADC_AutoInjectedConvCmd                  0x08001e1d   Thumb Code    22  stm32f10x_adc.o(.text)
    ADC_InjectedDiscModeCmd                  0x08001e33   Thumb Code    22  stm32f10x_adc.o(.text)
    ADC_ExternalTrigInjectedConvConfig       0x08001e49   Thumb Code    16  stm32f10x_adc.o(.text)
    ADC_ExternalTrigInjectedConvCmd          0x08001e59   Thumb Code    22  stm32f10x_adc.o(.text)
    ADC_SoftwareStartInjectedConvCmd         0x08001e6f   Thumb Code    22  stm32f10x_adc.o(.text)
    ADC_GetSoftwareStartInjectedConvCmdStatus 0x08001e85   Thumb Code    20  stm32f10x_adc.o(.text)
    ADC_InjectedChannelConfig                0x08001e99   Thumb Code   130  stm32f10x_adc.o(.text)
    ADC_InjectedSequencerLengthConfig        0x08001f1b   Thumb Code    24  stm32f10x_adc.o(.text)
    ADC_SetInjectedOffset                    0x08001f33   Thumb Code    12  stm32f10x_adc.o(.text)
    ADC_GetInjectedConversionValue           0x08001f3f   Thumb Code    18  stm32f10x_adc.o(.text)
    ADC_AnalogWatchdogCmd                    0x08001f51   Thumb Code    16  stm32f10x_adc.o(.text)
    ADC_AnalogWatchdogThresholdsConfig       0x08001f61   Thumb Code     6  stm32f10x_adc.o(.text)
    ADC_AnalogWatchdogSingleChannelConfig    0x08001f67   Thumb Code    16  stm32f10x_adc.o(.text)
    ADC_TempSensorVrefintCmd                 0x08001f77   Thumb Code    38  stm32f10x_adc.o(.text)
    ADC_GetFlagStatus                        0x08001f9d   Thumb Code    44  stm32f10x_adc.o(.text)
    ADC_ClearFlag                            0x08001fc9   Thumb Code     6  stm32f10x_adc.o(.text)
    ADC_GetITStatus                          0x08001fcf   Thumb Code    36  stm32f10x_adc.o(.text)
    ADC_ClearITPendingBit                    0x08001ff3   Thumb Code    10  stm32f10x_adc.o(.text)
    DMA_DeInit                               0x08001ffd   Thumb Code   324  stm32f10x_dma.o(.text)
    DMA_Init                                 0x08002141   Thumb Code    60  stm32f10x_dma.o(.text)
    DMA_StructInit                           0x0800217d   Thumb Code    26  stm32f10x_dma.o(.text)
    DMA_Cmd                                  0x08002197   Thumb Code    24  stm32f10x_dma.o(.text)
    DMA_ITConfig                             0x080021af   Thumb Code    18  stm32f10x_dma.o(.text)
    DMA_SetCurrDataCounter                   0x080021c1   Thumb Code     4  stm32f10x_dma.o(.text)
    DMA_GetCurrDataCounter                   0x080021c5   Thumb Code     8  stm32f10x_dma.o(.text)
    DMA_GetFlagStatus                        0x080021cd   Thumb Code    38  stm32f10x_dma.o(.text)
    DMA_ClearFlag                            0x080021f3   Thumb Code    22  stm32f10x_dma.o(.text)
    DMA_GetITStatus                          0x08002209   Thumb Code    38  stm32f10x_dma.o(.text)
    DMA_ClearITPendingBit                    0x0800222f   Thumb Code    22  stm32f10x_dma.o(.text)
    FLASH_SetLatency                         0x0800224d   Thumb Code    18  stm32f10x_flash.o(.text)
    FLASH_HalfCycleAccessCmd                 0x0800225f   Thumb Code    22  stm32f10x_flash.o(.text)
    FLASH_PrefetchBufferCmd                  0x08002275   Thumb Code    22  stm32f10x_flash.o(.text)
    FLASH_Unlock                             0x0800228b   Thumb Code    12  stm32f10x_flash.o(.text)
    FLASH_UnlockBank1                        0x08002297   Thumb Code    12  stm32f10x_flash.o(.text)
    FLASH_Lock                               0x080022a3   Thumb Code    14  stm32f10x_flash.o(.text)
    FLASH_LockBank1                          0x080022b1   Thumb Code    14  stm32f10x_flash.o(.text)
    FLASH_GetBank1Status                     0x080022bf   Thumb Code    48  stm32f10x_flash.o(.text)
    FLASH_WaitForLastOperation               0x080022ef   Thumb Code    38  stm32f10x_flash.o(.text)
    FLASH_ErasePage                          0x08002315   Thumb Code    72  stm32f10x_flash.o(.text)
    FLASH_EraseAllPages                      0x0800235d   Thumb Code    68  stm32f10x_flash.o(.text)
    FLASH_WaitForLastBank1Operation          0x080023a1   Thumb Code    38  stm32f10x_flash.o(.text)
    FLASH_EraseAllBank1Pages                 0x080023c7   Thumb Code    68  stm32f10x_flash.o(.text)
    FLASH_GetReadOutProtectionStatus         0x0800240b   Thumb Code    20  stm32f10x_flash.o(.text)
    FLASH_EraseOptionBytes                   0x0800241f   Thumb Code   150  stm32f10x_flash.o(.text)
    FLASH_ProgramWord                        0x080024b5   Thumb Code    96  stm32f10x_flash.o(.text)
    FLASH_ProgramHalfWord                    0x08002515   Thumb Code    60  stm32f10x_flash.o(.text)
    FLASH_ProgramOptionByteData              0x08002551   Thumb Code    72  stm32f10x_flash.o(.text)
    FLASH_EnableWriteProtection              0x08002599   Thumb Code   200  stm32f10x_flash.o(.text)
    FLASH_ReadOutProtection                  0x08002661   Thumb Code   156  stm32f10x_flash.o(.text)
    FLASH_UserOptionByteConfig               0x080026fd   Thumb Code    88  stm32f10x_flash.o(.text)
    FLASH_GetUserOptionByte                  0x08002755   Thumb Code     8  stm32f10x_flash.o(.text)
    FLASH_GetWriteProtectionOptionByte       0x0800275d   Thumb Code     6  stm32f10x_flash.o(.text)
    FLASH_GetPrefetchBufferStatus            0x08002763   Thumb Code    20  stm32f10x_flash.o(.text)
    FLASH_ITConfig                           0x08002777   Thumb Code    26  stm32f10x_flash.o(.text)
    FLASH_GetFlagStatus                      0x08002791   Thumb Code    42  stm32f10x_flash.o(.text)
    FLASH_ClearFlag                          0x080027bb   Thumb Code     6  stm32f10x_flash.o(.text)
    FLASH_GetStatus                          0x080027c1   Thumb Code    48  stm32f10x_flash.o(.text)
    Reset_Handler                            0x08002801   Thumb Code     8  startup_stm32f10x_hd.o(.text)
    SysTick_Handler                          0x08002819   Thumb Code     2  startup_stm32f10x_hd.o(.text)
    ADC1_2_IRQHandler                        0x0800281b   Thumb Code     0  startup_stm32f10x_hd.o(.text)
    ADC3_IRQHandler                          0x0800281b   Thumb Code     0  startup_stm32f10x_hd.o(.text)
    CAN1_RX1_IRQHandler                      0x0800281b   Thumb Code     0  startup_stm32f10x_hd.o(.text)
    CAN1_SCE_IRQHandler                      0x0800281b   Thumb Code     0  startup_stm32f10x_hd.o(.text)
    DMA1_Channel1_IRQHandler                 0x0800281b   Thumb Code     0  startup_stm32f10x_hd.o(.text)
    DMA1_Channel2_IRQHandler                 0x0800281b   Thumb Code     0  startup_stm32f10x_hd.o(.text)
    DMA1_Channel3_IRQHandler                 0x0800281b   Thumb Code     0  startup_stm32f10x_hd.o(.text)
    DMA1_Channel4_IRQHandler                 0x0800281b   Thumb Code     0  startup_stm32f10x_hd.o(.text)
    DMA1_Channel5_IRQHandler                 0x0800281b   Thumb Code     0  startup_stm32f10x_hd.o(.text)
    DMA1_Channel6_IRQHandler                 0x0800281b   Thumb Code     0  startup_stm32f10x_hd.o(.text)
    DMA1_Channel7_IRQHandler                 0x0800281b   Thumb Code     0  startup_stm32f10x_hd.o(.text)
    DMA2_Channel1_IRQHandler                 0x0800281b   Thumb Code     0  startup_stm32f10x_hd.o(.text)
    DMA2_Channel2_IRQHandler                 0x0800281b   Thumb Code     0  startup_stm32f10x_hd.o(.text)
    DMA2_Channel3_IRQHandler                 0x0800281b   Thumb Code     0  startup_stm32f10x_hd.o(.text)
    DMA2_Channel4_5_IRQHandler               0x0800281b   Thumb Code     0  startup_stm32f10x_hd.o(.text)
    EXTI0_IRQHandler                         0x0800281b   Thumb Code     0  startup_stm32f10x_hd.o(.text)
    EXTI15_10_IRQHandler                     0x0800281b   Thumb Code     0  startup_stm32f10x_hd.o(.text)
    EXTI1_IRQHandler                         0x0800281b   Thumb Code     0  startup_stm32f10x_hd.o(.text)
    EXTI2_IRQHandler                         0x0800281b   Thumb Code     0  startup_stm32f10x_hd.o(.text)
    EXTI3_IRQHandler                         0x0800281b   Thumb Code     0  startup_stm32f10x_hd.o(.text)
    EXTI4_IRQHandler                         0x0800281b   Thumb Code     0  startup_stm32f10x_hd.o(.text)
    EXTI9_5_IRQHandler                       0x0800281b   Thumb Code     0  startup_stm32f10x_hd.o(.text)
    FLASH_IRQHandler                         0x0800281b   Thumb Code     0  startup_stm32f10x_hd.o(.text)
    FSMC_IRQHandler                          0x0800281b   Thumb Code     0  startup_stm32f10x_hd.o(.text)
    I2C1_ER_IRQHandler                       0x0800281b   Thumb Code     0  startup_stm32f10x_hd.o(.text)
    I2C1_EV_IRQHandler                       0x0800281b   Thumb Code     0  startup_stm32f10x_hd.o(.text)
    I2C2_ER_IRQHandler                       0x0800281b   Thumb Code     0  startup_stm32f10x_hd.o(.text)
    I2C2_EV_IRQHandler                       0x0800281b   Thumb Code     0  startup_stm32f10x_hd.o(.text)
    PVD_IRQHandler                           0x0800281b   Thumb Code     0  startup_stm32f10x_hd.o(.text)
    RCC_IRQHandler                           0x0800281b   Thumb Code     0  startup_stm32f10x_hd.o(.text)
    RTCAlarm_IRQHandler                      0x0800281b   Thumb Code     0  startup_stm32f10x_hd.o(.text)
    RTC_IRQHandler                           0x0800281b   Thumb Code     0  startup_stm32f10x_hd.o(.text)
    SDIO_IRQHandler                          0x0800281b   Thumb Code     0  startup_stm32f10x_hd.o(.text)
    SPI1_IRQHandler                          0x0800281b   Thumb Code     0  startup_stm32f10x_hd.o(.text)
    SPI2_IRQHandler                          0x0800281b   Thumb Code     0  startup_stm32f10x_hd.o(.text)
    SPI3_IRQHandler                          0x0800281b   Thumb Code     0  startup_stm32f10x_hd.o(.text)
    TAMPER_IRQHandler                        0x0800281b   Thumb Code     0  startup_stm32f10x_hd.o(.text)
    TIM1_BRK_IRQHandler                      0x0800281b   Thumb Code     0  startup_stm32f10x_hd.o(.text)
    TIM1_CC_IRQHandler                       0x0800281b   Thumb Code     0  startup_stm32f10x_hd.o(.text)
    TIM1_TRG_COM_IRQHandler                  0x0800281b   Thumb Code     0  startup_stm32f10x_hd.o(.text)
    TIM2_IRQHandler                          0x0800281b   Thumb Code     0  startup_stm32f10x_hd.o(.text)
    TIM3_IRQHandler                          0x0800281b   Thumb Code     0  startup_stm32f10x_hd.o(.text)
    TIM4_IRQHandler                          0x0800281b   Thumb Code     0  startup_stm32f10x_hd.o(.text)
    TIM5_IRQHandler                          0x0800281b   Thumb Code     0  startup_stm32f10x_hd.o(.text)
    TIM6_IRQHandler                          0x0800281b   Thumb Code     0  startup_stm32f10x_hd.o(.text)
    TIM7_IRQHandler                          0x0800281b   Thumb Code     0  startup_stm32f10x_hd.o(.text)
    TIM8_BRK_IRQHandler                      0x0800281b   Thumb Code     0  startup_stm32f10x_hd.o(.text)
    TIM8_CC_IRQHandler                       0x0800281b   Thumb Code     0  startup_stm32f10x_hd.o(.text)
    TIM8_TRG_COM_IRQHandler                  0x0800281b   Thumb Code     0  startup_stm32f10x_hd.o(.text)
    TIM8_UP_IRQHandler                       0x0800281b   Thumb Code     0  startup_stm32f10x_hd.o(.text)
    UART4_IRQHandler                         0x0800281b   Thumb Code     0  startup_stm32f10x_hd.o(.text)
    UART5_IRQHandler                         0x0800281b   Thumb Code     0  startup_stm32f10x_hd.o(.text)
    USART1_IRQHandler                        0x0800281b   Thumb Code     0  startup_stm32f10x_hd.o(.text)
    USART3_IRQHandler                        0x0800281b   Thumb Code     0  startup_stm32f10x_hd.o(.text)
    USBWakeUp_IRQHandler                     0x0800281b   Thumb Code     0  startup_stm32f10x_hd.o(.text)
    USB_HP_CAN1_TX_IRQHandler                0x0800281b   Thumb Code     0  startup_stm32f10x_hd.o(.text)
    USB_LP_CAN1_RX0_IRQHandler               0x0800281b   Thumb Code     0  startup_stm32f10x_hd.o(.text)
    WWDG_IRQHandler                          0x0800281b   Thumb Code     0  startup_stm32f10x_hd.o(.text)
    __user_initial_stackheap                 0x0800281d   Thumb Code     0  startup_stm32f10x_hd.o(.text)
    NMI_Handler                              0x08002841   Thumb Code     2  stm32f10x_it.o(.text)
    HardFault_Handler                        0x08002843   Thumb Code     4  stm32f10x_it.o(.text)
    MemManage_Handler                        0x08002847   Thumb Code     4  stm32f10x_it.o(.text)
    BusFault_Handler                         0x0800284b   Thumb Code     4  stm32f10x_it.o(.text)
    UsageFault_Handler                       0x0800284f   Thumb Code     4  stm32f10x_it.o(.text)
    SVC_Handler                              0x08002853   Thumb Code     2  stm32f10x_it.o(.text)
    DebugMon_Handler                         0x08002855   Thumb Code     2  stm32f10x_it.o(.text)
    PendSV_Handler                           0x08002857   Thumb Code     2  stm32f10x_it.o(.text)
    SystemInit                               0x08002921   Thumb Code    78  system_stm32f10x.o(.text)
    SystemCoreClockUpdate                    0x0800296f   Thumb Code   142  system_stm32f10x.o(.text)
    Mix_Function_Pro                         0x08002a21   Thumb Code    20  main.o(.text)
    Get_Base_Data                            0x08002a35   Thumb Code    20  main.o(.text)
    Sys_Send_Data                            0x08002a49   Thumb Code     2  main.o(.text)
    Sys_Rece_Data                            0x08002a4b   Thumb Code     8  main.o(.text)
    SW_JTAGioConfig                          0x08002a53   Thumb Code    20  main.o(.text)
    main                                     0x08002a67   Thumb Code   106  main.o(.text)
    FLASH_Update_Data                        0x08002ad1   Thumb Code    26  main.o(.text)
    BQ769xx_Wake                             0x08002af9   Thumb Code    26  bq769xx.o(.text)
    BQ769xx_Set_CellMap                      0x08002b13   Thumb Code    60  bq769xx.o(.text)
    BQ769xx_Init_Para                        0x08002b4f   Thumb Code   190  bq769xx.o(.text)
    LimitMaxMin                              0x08002c0d   Thumb Code    22  bq769xx.o(.text)
    BQ769xx_Read_Gain                        0x08002c23   Thumb Code   212  bq769xx.o(.text)
    BQ769xx_Write_Config                     0x08002cf7   Thumb Code   196  bq769xx.o(.text)
    BQ769xx_Init                             0x08002dbb   Thumb Code    40  bq769xx.o(.text)
    BQ769xx_GetData                          0x08002e75   Thumb Code   450  bq769xx.o(.text)
    BQ769xx_GetConfig                        0x08003037   Thumb Code    52  bq769xx.o(.text)
    BQ769xx_DSGSET                           0x0800306b   Thumb Code    78  bq769xx.o(.text)
    BQ769xx_CHGSET                           0x080030b9   Thumb Code    78  bq769xx.o(.text)
    BQ769xx_STATE_GET                        0x08003107   Thumb Code    26  bq769xx.o(.text)
    BQ769xx_STAT_CLEAR                       0x08003121   Thumb Code    52  bq769xx.o(.text)
    Enter_Ship_Mode                          0x08003155   Thumb Code    98  bq769xx.o(.text)
    BQ769xx_CC_ONESHOT_SET                   0x080031b7   Thumb Code    92  bq769xx.o(.text)
    balance_write_regs                       0x08003213   Thumb Code   126  bq769xx.o(.text)
    cell_balan_locatget                      0x08003291   Thumb Code    96  bq769xx.o(.text)
    Balan_Pack_Check                         0x080032f1   Thumb Code   574  bq769xx.o(.text)
    Power_Down                               0x0800352f   Thumb Code    22  bq769xx.o(.text)
    BQ769xx_Oper_Comm                        0x08003545   Thumb Code   124  bq769xx.o(.text)
    BQ769xx_Wake_Comm                        0x080035c1   Thumb Code    98  bq769xx.o(.text)
    DataCRC                                  0x08003661   Thumb Code    30  configpara.o(.text)
    InitPara0                                0x0800367f   Thumb Code   136  configpara.o(.text)
    WriteAllData                             0x08003707   Thumb Code    16  configpara.o(.text)
    System_Pare_Get                          0x08003717   Thumb Code    96  configpara.o(.text)
    LedRun_Set_Not                           0x08003785   Thumb Code    16  led.o(.text)
    Led_Run_Cpu                              0x08003795   Thumb Code    18  led.o(.text)
    LedRun_Set_On                            0x080037a7   Thumb Code     8  led.o(.text)
    LedRun_Set_Off                           0x080037af   Thumb Code     8  led.o(.text)
    Rs485_Send_Test                          0x080037c5   Thumb Code    44  rs485data.o(.text)
    Send_BQ769xxConfig_Data                  0x08003865   Thumb Code   120  rs485data.o(.text)
    Send_BMS_Data                            0x080038dd   Thumb Code   264  rs485data.o(.text)
    Send_GainOffset_Data                     0x080039e5   Thumb Code    46  rs485data.o(.text)
    Rs485_Read_Data                          0x08003a59   Thumb Code    52  rs485data.o(.text)
    Sys_Function_Pro                         0x08003b97   Thumb Code    12  taskfun.o(.text)
    batt_cap_ocvsoc_init                     0x08003bb9   Thumb Code    68  soc.o(.text)
    Batt_soc_check                           0x08003fe9   Thumb Code    54  soc.o(.text)
    ADC_Init_Sam                             0x0800402d   Thumb Code   194  adc.o(.text)
    DMA_Init_Adc                             0x080040ef   Thumb Code    84  adc.o(.text)
    ADC_GetSample                            0x08004143   Thumb Code     2  adc.o(.text)
    TemChange                                0x08004145   Thumb Code   302  adc.o(.text)
    delay_init                               0x08004289   Thumb Code    50  delay.o(.text)
    delay_us                                 0x080042bb   Thumb Code    70  delay.o(.text)
    delay_ms                                 0x08004301   Thumb Code    70  delay.o(.text)
    STMFLASH_Read                            0x08004359   Thumb Code    28  flash.o(.text)
    STMFLASH_Write                           0x08004375   Thumb Code    78  flash.o(.text)
    Init_GPIO_SYS_Power                      0x080043c9   Thumb Code    46  gpio.o(.text)
    Init_GPIO_LED                            0x080043f7   Thumb Code    50  gpio.o(.text)
    Init_GPIO_ALERT                          0x08004429   Thumb Code    40  gpio.o(.text)
    Init_GPIO_BQ769xx_Wake                   0x08004451   Thumb Code    46  gpio.o(.text)
    Init_GPIO_R485EN                         0x0800447f   Thumb Code    50  gpio.o(.text)
    Init_GPIO_Uart2                          0x080044b1   Thumb Code    66  gpio.o(.text)
    Init_GPIO_IIC                            0x080044f3   Thumb Code    64  gpio.o(.text)
    Sda_Set_Out_Mode                         0x0800453d   Thumb Code    38  iic.o(.text)
    Sda_Set_In_Mode                          0x08004563   Thumb Code    38  iic.o(.text)
    IICCheckAck                              0x08004589   Thumb Code    62  iic.o(.text)
    IICSendAck                               0x080045c7   Thumb Code    50  iic.o(.text)
    IICSendNoAck                             0x080045f9   Thumb Code    50  iic.o(.text)
    IICStart                                 0x0800462b   Thumb Code    52  iic.o(.text)
    IICStop                                  0x0800465f   Thumb Code    48  iic.o(.text)
    IICSendByte                              0x0800468f   Thumb Code    90  iic.o(.text)
    IICReceByte                              0x080046e9   Thumb Code    76  iic.o(.text)
    IIC_CRC8Bytes                            0x08004735   Thumb Code    66  iic.o(.text)
    IIC_WritByte                             0x08004777   Thumb Code   150  iic.o(.text)
    IIC_ReadByte                             0x0800480d   Thumb Code   182  iic.o(.text)
    IIC_WritByteMore                         0x080048c3   Thumb Code   226  iic.o(.text)
    IIC_ReadByteMore                         0x080049a5   Thumb Code   302  iic.o(.text)
    NVIC_Configuration                       0x08004ad3   Thumb Code    12  sys.o(.text)
    Tim1_Init                                0x08004ae1   Thumb Code   110  timer.o(.text)
    TIM1_UP_IRQHandler                       0x08004b4f   Thumb Code    32  timer.o(.text)
    Systim_Time_Run                          0x08004b6f   Thumb Code   202  timer.o(.text)
    Clear_flag                               0x08004c39   Thumb Code    20  timer.o(.text)
    Uart2_init                               0x08004c55   Thumb Code   160  usart.o(.text)
    Usart2SendData                           0x08004cf5   Thumb Code    20  usart.o(.text)
    Uart2Send                                0x08004d09   Thumb Code   154  usart.o(.text)
    USART2_IRQHandler                        0x08004da3   Thumb Code    88  usart.o(.text)
    Uart2Run_Pack                            0x08004dfb   Thumb Code   456  usart.o(.text)
    Uart2DataDropChk                         0x08004fc3   Thumb Code    50  usart.o(.text)
    __aeabi_memcpy                           0x0800502d   Thumb Code     0  rt_memcpy_v6.o(.text)
    __rt_memcpy                              0x0800502d   Thumb Code   138  rt_memcpy_v6.o(.text)
    _memcpy_lastbytes                        0x08005093   Thumb Code     0  rt_memcpy_v6.o(.text)
    __aeabi_memcpy4                          0x080050b7   Thumb Code     0  rt_memcpy_w.o(.text)
    __aeabi_memcpy8                          0x080050b7   Thumb Code     0  rt_memcpy_w.o(.text)
    __rt_memcpy_w                            0x080050b7   Thumb Code   100  rt_memcpy_w.o(.text)
    _memcpy_lastbytes_aligned                0x080050ff   Thumb Code     0  rt_memcpy_w.o(.text)
    __aeabi_memclr4                          0x0800511b   Thumb Code     0  rt_memclr_w.o(.text)
    __aeabi_memclr8                          0x0800511b   Thumb Code     0  rt_memclr_w.o(.text)
    __rt_memclr_w                            0x0800511b   Thumb Code    78  rt_memclr_w.o(.text)
    _memset_w                                0x0800511f   Thumb Code     0  rt_memclr_w.o(.text)
    __use_two_region_memory                  0x08005169   Thumb Code     2  heapauxi.o(.text)
    __rt_heap_escrow$2region                 0x0800516b   Thumb Code     2  heapauxi.o(.text)
    __rt_heap_expand$2region                 0x0800516d   Thumb Code     2  heapauxi.o(.text)
    __user_setup_stackheap                   0x0800516f   Thumb Code    74  sys_stackheap_outer.o(.text)
    exit                                     0x080051b9   Thumb Code    12  exit.o(.text)
    __user_libspace                          0x080051c5   Thumb Code     8  libspace.o(.text)
    __user_perproc_libspace                  0x080051c5   Thumb Code     0  libspace.o(.text)
    __user_perthread_libspace                0x080051c5   Thumb Code     0  libspace.o(.text)
    _sys_exit                                0x080051cd   Thumb Code     8  sys_exit.o(.text)
    __I$use$semihosting                      0x080051d9   Thumb Code     0  use_no_semi.o(.text)
    __use_no_semihosting_swi                 0x080051d9   Thumb Code     2  use_no_semi.o(.text)
    OCV_Table                                0x080051da   Data         200  soc.o(.constdata)
    __semihosting_library_function           0x080051db   Thumb Code     0  indicate_semi.o(.text)
    Region$$Table$$Base                      0x08005320   Number         0  anon$$obj.o(Region$$Table)
    Region$$Table$$Limit                     0x08005340   Number         0  anon$$obj.o(Region$$Table)
    SystemCoreClock                          0x20000014   Data           4  system_stm32f10x.o(.data)
    AHBPrescTable                            0x20000018   Data          16  system_stm32f10x.o(.data)
    VoltCellOffSet                           0x20000028   Data           1  bq769xx.o(.data)
    VoltCellGainMV                           0x2000002a   Data           2  bq769xx.o(.data)
    VoltCellGainUV                           0x2000002c   Data           4  bq769xx.o(.data)
    BQ769xx_Init_State                       0x20000030   Data           1  bq769xx.o(.data)
    Bq769xx_Wake_EN                          0x20000031   Data           1  bq769xx.o(.data)
    VoltageTemp                              0x20000032   Data           6  bq769xx.o(.data)
    bq769xx_Wake_cont                        0x20000038   Data           1  bq769xx.o(.data)
    Bq769xx_Oper_EN                          0x2000003e   Data           1  rs485data.o(.data)
    Bq769xx_Oper_Type                        0x2000003f   Data           1  rs485data.o(.data)
    Charge_Activa                            0x20000044   Data           1  taskfun.o(.data)
    TaskTimePare                             0x20000064   Data          14  main.o(.bss)
    BQ769xxGatherData                        0x20000072   Data          40  bq769xx.o(.bss)
    Bq769xxReg                               0x200000c8   Data          56  bq769xx.o(.bss)
    gBMSConfig                               0x20000100   Data          48  configpara.o(.bss)
    gBMSReadConfig                           0x20000130   Data          48  configpara.o(.bss)
    gBMSData                                 0x20000160   Data         228  database.o(.bss)
    __libspace_start                         0x2000044c   Data          96  libspace.o(.bss)
    __temporary_stack_top$libspace           0x200004ac   Data           0  libspace.o(.bss)



==============================================================================

Memory Map of the image

  Image Entry point : 0x08000131

  Load Region LR_IROM1 (Base: 0x08000000, Size: 0x000053a4, Max: 0x00010000, ABSOLUTE)

    Execution Region ER_IROM1 (Base: 0x08000000, Size: 0x00005340, Max: 0x00010000, ABSOLUTE)

    Base Addr    Size         Type   Attr      Idx    E Section Name        Object

    0x08000000   0x00000130   Data   RO          368    RESET               startup_stm32f10x_hd.o
    0x08000130   0x00000008   Code   RO          728  * !!!main             c_w.l(__main.o)
    0x08000138   0x00000034   Code   RO          882    !!!scatter          c_w.l(__scatter.o)
    0x0800016c   0x0000001a   Code   RO          884    !!handler_copy      c_w.l(__scatter_copy.o)
    0x08000186   0x00000002   PAD
    0x08000188   0x0000001c   Code   RO          886    !!handler_zi        c_w.l(__scatter_zi.o)
    0x080001a4   0x00000002   Code   RO          755    .ARM.Collect$$libinit$$00000000  c_w.l(libinit.o)
    0x080001a6   0x00000000   Code   RO          762    .ARM.Collect$$libinit$$00000002  c_w.l(libinit2.o)
    0x080001a6   0x00000000   Code   RO          765    .ARM.Collect$$libinit$$00000008  c_w.l(libinit2.o)
    0x080001a6   0x00000000   Code   RO          767    .ARM.Collect$$libinit$$0000000A  c_w.l(libinit2.o)
    0x080001a6   0x00000000   Code   RO          769    .ARM.Collect$$libinit$$0000000C  c_w.l(libinit2.o)
    0x080001a6   0x00000000   Code   RO          772    .ARM.Collect$$libinit$$0000000F  c_w.l(libinit2.o)
    0x080001a6   0x00000000   Code   RO          774    .ARM.Collect$$libinit$$00000011  c_w.l(libinit2.o)
    0x080001a6   0x00000000   Code   RO          776    .ARM.Collect$$libinit$$00000013  c_w.l(libinit2.o)
    0x080001a6   0x00000000   Code   RO          778    .ARM.Collect$$libinit$$00000015  c_w.l(libinit2.o)
    0x080001a6   0x00000000   Code   RO          780    .ARM.Collect$$libinit$$00000017  c_w.l(libinit2.o)
    0x080001a6   0x00000000   Code   RO          782    .ARM.Collect$$libinit$$00000019  c_w.l(libinit2.o)
    0x080001a6   0x00000000   Code   RO          784    .ARM.Collect$$libinit$$0000001B  c_w.l(libinit2.o)
    0x080001a6   0x00000000   Code   RO          786    .ARM.Collect$$libinit$$0000001D  c_w.l(libinit2.o)
    0x080001a6   0x00000000   Code   RO          788    .ARM.Collect$$libinit$$0000001F  c_w.l(libinit2.o)
    0x080001a6   0x00000000   Code   RO          790    .ARM.Collect$$libinit$$00000021  c_w.l(libinit2.o)
    0x080001a6   0x00000000   Code   RO          792    .ARM.Collect$$libinit$$00000023  c_w.l(libinit2.o)
    0x080001a6   0x00000000   Code   RO          796    .ARM.Collect$$libinit$$0000002A  c_w.l(libinit2.o)
    0x080001a6   0x00000000   Code   RO          798    .ARM.Collect$$libinit$$0000002C  c_w.l(libinit2.o)
    0x080001a6   0x00000000   Code   RO          800    .ARM.Collect$$libinit$$0000002E  c_w.l(libinit2.o)
    0x080001a6   0x00000000   Code   RO          802    .ARM.Collect$$libinit$$00000030  c_w.l(libinit2.o)
    0x080001a6   0x00000002   Code   RO          803    .ARM.Collect$$libinit$$00000031  c_w.l(libinit2.o)
    0x080001a8   0x00000002   Code   RO          823    .ARM.Collect$$libshutdown$$00000000  c_w.l(libshutdown.o)
    0x080001aa   0x00000000   Code   RO          837    .ARM.Collect$$libshutdown$$00000003  c_w.l(libshutdown2.o)
    0x080001aa   0x00000000   Code   RO          840    .ARM.Collect$$libshutdown$$00000006  c_w.l(libshutdown2.o)
    0x080001aa   0x00000000   Code   RO          843    .ARM.Collect$$libshutdown$$00000009  c_w.l(libshutdown2.o)
    0x080001aa   0x00000000   Code   RO          845    .ARM.Collect$$libshutdown$$0000000B  c_w.l(libshutdown2.o)
    0x080001aa   0x00000000   Code   RO          848    .ARM.Collect$$libshutdown$$0000000E  c_w.l(libshutdown2.o)
    0x080001aa   0x00000002   Code   RO          849    .ARM.Collect$$libshutdown$$0000000F  c_w.l(libshutdown2.o)
    0x080001ac   0x00000000   Code   RO          730    .ARM.Collect$$rtentry$$00000000  c_w.l(rtentry.o)
    0x080001ac   0x00000000   Code   RO          732    .ARM.Collect$$rtentry$$00000002  c_w.l(rtentry2.o)
    0x080001ac   0x00000006   Code   RO          744    .ARM.Collect$$rtentry$$00000004  c_w.l(rtentry4.o)
    0x080001b2   0x00000000   Code   RO          734    .ARM.Collect$$rtentry$$00000009  c_w.l(rtentry2.o)
    0x080001b2   0x00000004   Code   RO          735    .ARM.Collect$$rtentry$$0000000A  c_w.l(rtentry2.o)
    0x080001b6   0x00000000   Code   RO          737    .ARM.Collect$$rtentry$$0000000C  c_w.l(rtentry2.o)
    0x080001b6   0x00000008   Code   RO          738    .ARM.Collect$$rtentry$$0000000D  c_w.l(rtentry2.o)
    0x080001be   0x00000002   Code   RO          759    .ARM.Collect$$rtexit$$00000000  c_w.l(rtexit.o)
    0x080001c0   0x00000000   Code   RO          805    .ARM.Collect$$rtexit$$00000002  c_w.l(rtexit2.o)
    0x080001c0   0x00000004   Code   RO          806    .ARM.Collect$$rtexit$$00000003  c_w.l(rtexit2.o)
    0x080001c4   0x00000006   Code   RO          807    .ARM.Collect$$rtexit$$00000004  c_w.l(rtexit2.o)
    0x080001ca   0x00000002   PAD
    0x080001cc   0x000000dc   Code   RO            1    .text               misc.o
    0x080002a8   0x00000358   Code   RO          101    .text               stm32f10x_gpio.o
    0x08000600   0x0000039c   Code   RO          113    .text               stm32f10x_rcc.o
    0x0800099c   0x00000408   Code   RO          127    .text               stm32f10x_usart.o
    0x08000da4   0x00000e1a   Code   RO          163    .text               stm32f10x_tim.o
    0x08001bbe   0x00000002   PAD
    0x08001bc0   0x0000043c   Code   RO          175    .text               stm32f10x_adc.o
    0x08001ffc   0x00000250   Code   RO          247    .text               stm32f10x_dma.o
    0x0800224c   0x000005b4   Code   RO          271    .text               stm32f10x_flash.o
    0x08002800   0x00000040   Code   RO          369    .text               startup_stm32f10x_hd.o
    0x08002840   0x00000018   Code   RO          373    .text               stm32f10x_it.o
    0x08002858   0x000001c8   Code   RO          388    .text               system_stm32f10x.o
    0x08002a20   0x000000d8   Code   RO          406    .text               main.o
    0x08002af8   0x00000b68   Code   RO          478    .text               bq769xx.o
    0x08003660   0x00000124   Code   RO          504    .text               configpara.o
    0x08003784   0x00000040   Code   RO          534    .text               led.o
    0x080037c4   0x000002e4   Code   RO          546    .text               rs485data.o
    0x08003aa8   0x00000110   Code   RO          564    .text               taskfun.o
    0x08003bb8   0x00000474   Code   RO          579    .text               soc.o
    0x0800402c   0x0000025c   Code   RO          598    .text               adc.o
    0x08004288   0x000000d0   Code   RO          614    .text               delay.o
    0x08004358   0x00000070   Code   RO          628    .text               flash.o
    0x080043c8   0x00000174   Code   RO          640    .text               gpio.o
    0x0800453c   0x00000596   Code   RO          652    .text               iic.o
    0x08004ad2   0x0000000c   Code   RO          667    .text               sys.o
    0x08004ade   0x00000002   PAD
    0x08004ae0   0x00000174   Code   RO          679    .text               timer.o
    0x08004c54   0x000003d8   Code   RO          691    .text               usart.o
    0x0800502c   0x0000008a   Code   RO          720    .text               c_w.l(rt_memcpy_v6.o)
    0x080050b6   0x00000064   Code   RO          722    .text               c_w.l(rt_memcpy_w.o)
    0x0800511a   0x0000004e   Code   RO          724    .text               c_w.l(rt_memclr_w.o)
    0x08005168   0x00000006   Code   RO          726    .text               c_w.l(heapauxi.o)
    0x0800516e   0x0000004a   Code   RO          746    .text               c_w.l(sys_stackheap_outer.o)
    0x080051b8   0x0000000c   Code   RO          748    .text               c_w.l(exit.o)
    0x080051c4   0x00000008   Code   RO          756    .text               c_w.l(libspace.o)
    0x080051cc   0x0000000c   Code   RO          815    .text               c_w.l(sys_exit.o)
    0x080051d8   0x00000002   Code   RO          826    .text               c_w.l(use_no_semi.o)
    0x080051da   0x00000000   Code   RO          828    .text               c_w.l(indicate_semi.o)
    0x080051da   0x000000c8   Data   RO          580    .constdata          soc.o
    0x080052a2   0x00000002   PAD
    0x080052a4   0x0000007c   Data   RO          600    .constdata          adc.o
    0x08005320   0x00000020   Data   RO          880    Region$$Table       anon$$obj.o


    Execution Region RW_IRAM1 (Base: 0x20000000, Size: 0x00000ab0, Max: 0x00005000, ABSOLUTE)

    Base Addr    Size         Type   Attr      Idx    E Section Name        Object

    0x20000000   0x00000014   Data   RW          114    .data               stm32f10x_rcc.o
    0x20000014   0x00000014   Data   RW          389    .data               system_stm32f10x.o
    0x20000028   0x00000016   Data   RW          480    .data               bq769xx.o
    0x2000003e   0x00000002   Data   RW          547    .data               rs485data.o
    0x20000040   0x00000007   Data   RW          565    .data               taskfun.o
    0x20000047   0x00000001   PAD
    0x20000048   0x00000009   Data   RW          581    .data               soc.o
    0x20000051   0x00000001   Data   RW          601    .data               adc.o
    0x20000052   0x00000004   Data   RW          615    .data               delay.o
    0x20000056   0x0000000c   Data   RW          693    .data               usart.o
    0x20000062   0x00000002   PAD
    0x20000064   0x0000000e   Zero   RW          407    .bss                main.o
    0x20000072   0x0000008e   Zero   RW          479    .bss                bq769xx.o
    0x20000100   0x00000060   Zero   RW          505    .bss                configpara.o
    0x20000160   0x000000e4   Zero   RW          522    .bss                database.o
    0x20000244   0x0000000a   Zero   RW          599    .bss                adc.o
    0x2000024e   0x000001fe   Zero   RW          692    .bss                usart.o
    0x2000044c   0x00000060   Zero   RW          757    .bss                c_w.l(libspace.o)
    0x200004ac   0x00000004   PAD
    0x200004b0   0x00000200   Zero   RW          367    HEAP                startup_stm32f10x_hd.o
    0x200006b0   0x00000400   Zero   RW          366    STACK               startup_stm32f10x_hd.o


==============================================================================

Image component sizes


      Code (inc. data)   RO Data    RW Data    ZI Data      Debug   Object Name

       604         22        124          1         10       1968   adc.o
      2920        152          0         22        142      13313   bq769xx.o
       292         14          0          0         96       2725   configpara.o
         0          0          0          0          0         32   core_cm3.o
         0          0          0          0        228       2523   database.o
       208         18          0          4          0       1007   delay.o
       112          6          0          0          0       1271   flash.o
       372         10          0          0          0       1566   gpio.o
      1430         20          0          0          0       5310   iic.o
        64         14          0          0          0        766   led.o
       216         14          0          0         14       3947   main.o
       220         20          0          0          0     280097   misc.o
       740         36          0          2          0       2945   rs485data.o
      1140         48        200          9          0       3126   soc.o
        64         26        304          0       1536        896   startup_stm32f10x_hd.o
      1084         26          0          0          0      10909   stm32f10x_adc.o
       592          8          0          0          0       4426   stm32f10x_dma.o
      1460         32          0          0          0       8110   stm32f10x_flash.o
       856         40          0          0          0       5741   stm32f10x_gpio.o
        24          0          0          0          0       1090   stm32f10x_it.o
       924         44          0         20          0       8920   stm32f10x_rcc.o
      3610         88          0          0          0      22228   stm32f10x_tim.o
      1032         22          0          0          0       8468   stm32f10x_usart.o
        12          0          0          0          0        453   sys.o
       456         36          0         20          0       1763   system_stm32f10x.o
       272         22          0          7          0       1187   taskfun.o
       372          8          0          0          0       1162   timer.o
       984         62          0         12        510       2931   usart.o

    ----------------------------------------------------------------------
     20064        788        662        100       2536     398880   Object Totals
         0          0         32          0          0          0   (incl. Generated)
         4          0          2          3          0          0   (incl. Padding)

    ----------------------------------------------------------------------

      Code (inc. data)   RO Data    RW Data    ZI Data      Debug   Library Member Name

         8          0          0          0          0         68   __main.o
        52          8          0          0          0          0   __scatter.o
        26          0          0          0          0          0   __scatter_copy.o
        28          0          0          0          0          0   __scatter_zi.o
        12          0          0          0          0         72   exit.o
         6          0          0          0          0        152   heapauxi.o
         0          0          0          0          0          0   indicate_semi.o
         2          0          0          0          0          0   libinit.o
         2          0          0          0          0          0   libinit2.o
         2          0          0          0          0          0   libshutdown.o
         2          0          0          0          0          0   libshutdown2.o
         8          4          0          0         96         68   libspace.o
        78          0          0          0          0         80   rt_memclr_w.o
       138          0          0          0          0         68   rt_memcpy_v6.o
       100          0          0          0          0         80   rt_memcpy_w.o
         0          0          0          0          0          0   rtentry.o
        12          0          0          0          0          0   rtentry2.o
         6          0          0          0          0          0   rtentry4.o
         2          0          0          0          0          0   rtexit.o
        10          0          0          0          0          0   rtexit2.o
        12          4          0          0          0         68   sys_exit.o
        74          0          0          0          0         80   sys_stackheap_outer.o
         2          0          0          0          0         68   use_no_semi.o

    ----------------------------------------------------------------------
       586         16          0          0        100        804   Library Totals
         4          0          0          0          4          0   (incl. Padding)

    ----------------------------------------------------------------------

      Code (inc. data)   RO Data    RW Data    ZI Data      Debug   Library Name

       582         16          0          0         96        804   c_w.l

    ----------------------------------------------------------------------
       586         16          0          0        100        804   Library Totals

    ----------------------------------------------------------------------

==============================================================================


      Code (inc. data)   RO Data    RW Data    ZI Data      Debug   

     20650        804        662        100       2636     396876   Grand Totals
     20650        804        662        100       2636     396876   ELF Image Totals
     20650        804        662        100          0          0   ROM Totals

==============================================================================

    Total RO  Size (Code + RO Data)                21312 (  20.81kB)
    Total RW  Size (RW Data + ZI Data)              2736 (   2.67kB)
    Total ROM Size (Code + RO Data + RW Data)      21412 (  20.91kB)

==============================================================================

