<html>
<body>
<pre>
<h1>礦ision Build Log</h1>
<h2>Project:</h2>
E:\电路设计\BMS设计\SLMC607\SLMC607 V1.5\Software\SLMC607 V1.6 20220612\User\SLMC607.uvproj
Project File Date:  12/31/2020

<h2>Output:</h2>
Build target 'SLMC607'
linking...
Program Size: Code=20650 RO-data=662 RW-data=100 ZI-data=2636  
FromELF: creating hex file...
"..\OBJ\SLMC601.axf" - 0 Error(s), 0 Warning(s).
Rebuild target 'SLMC607'
compiling misc.c...
compiling stm32f10x_gpio.c...
compiling stm32f10x_rcc.c...
compiling stm32f10x_usart.c...
compiling stm32f10x_fsmc.c...
compiling stm32f10x_spi.c...
compiling stm32f10x_tim.c...
compiling stm32f10x_adc.c...
compiling stm32f10x_bkp.c...
compiling stm32f10x_can.c...
compiling stm32f10x_cec.c...
compiling stm32f10x_dac.c...
compiling stm32f10x_dbgmcu.c...
compiling stm32f10x_dma.c...
compiling stm32f10x_exti.c...
compiling stm32f10x_flash.c...
compiling stm32f10x_i2c.c...
compiling stm32f10x_iwdg.c...
compiling stm32f10x_pwr.c...
compiling stm32f10x_rtc.c...
compiling stm32f10x_sdio.c...
compiling stm32f10x_wwdg.c...
compiling core_cm3.c...
assembling startup_stm32f10x_hd.s...
compiling stm32f10x_it.c...
compiling system_stm32f10x.c...
compiling main.c...
compiling bq769xx.c...
compiling ConfigPara.c...
compiling DataBase.c...
compiling led.c...
compiling Rs485Data.c...
compiling TaskFun.c...
compiling soc.c...
compiling adc.c...
compiling delay.c...
compiling Flash.c...
compiling gpio.c...
compiling iic.c...
compiling sys.c...
compiling timer.c...
compiling usart.c...
compiling wdt.c...
linking...
Program Size: Code=20650 RO-data=662 RW-data=100 ZI-data=2636  
FromELF: creating hex file...
"..\OBJ\SLMC601.axf" - 0 Error(s), 0 Warning(s).
Build target 'SLMC607'
linking...
Program Size: Code=20650 RO-data=662 RW-data=100 ZI-data=2636  
FromELF: creating hex file...
"..\OBJ\SLMC601.axf" - 0 Error(s), 0 Warning(s).
Load "..\\OBJ\\SLMC607.AXF" 
_____^
*** error 56: cannot open file
Rebuild target 'SLMC607'
compiling misc.c...
compiling stm32f10x_gpio.c...
compiling stm32f10x_rcc.c...
compiling stm32f10x_usart.c...
compiling stm32f10x_fsmc.c...
compiling stm32f10x_spi.c...
compiling stm32f10x_tim.c...
compiling stm32f10x_adc.c...
compiling stm32f10x_bkp.c...
compiling stm32f10x_can.c...
compiling stm32f10x_cec.c...
compiling stm32f10x_dac.c...
compiling stm32f10x_dbgmcu.c...
compiling stm32f10x_dma.c...
compiling stm32f10x_exti.c...
compiling stm32f10x_flash.c...
compiling stm32f10x_i2c.c...
compiling stm32f10x_iwdg.c...
compiling stm32f10x_pwr.c...
compiling stm32f10x_rtc.c...
compiling stm32f10x_sdio.c...
compiling stm32f10x_wwdg.c...
compiling core_cm3.c...
assembling startup_stm32f10x_hd.s...
compiling stm32f10x_it.c...
compiling system_stm32f10x.c...
compiling main.c...
compiling bq769xx.c...
compiling ConfigPara.c...
compiling DataBase.c...
compiling led.c...
compiling Rs485Data.c...
compiling TaskFun.c...
compiling soc.c...
compiling adc.c...
compiling delay.c...
compiling Flash.c...
compiling gpio.c...
compiling iic.c...
compiling sys.c...
compiling timer.c...
compiling usart.c...
compiling wdt.c...
linking...
Program Size: Code=20650 RO-data=662 RW-data=100 ZI-data=2636  
FromELF: creating hex file...
"..\OBJ\SLMC607.axf" - 0 Error(s), 0 Warning(s).
Load "..\\OBJ\\SLMC607.AXF" 
Set JLink Project File to "E:\电路设计\BMS设计\SLMC607\SLMC607 V1.5\Software\SLMC607 V1.6 20220612\User\JLinkSettings.ini"
* JLink Info: Device "STM32F103C6" selected (32 KB flash, 10 KB RAM).
 
JLink info:
------------
DLL: V4.54a, compiled Sep 17 2012 15:58:45
Firmware: J-Link V9 compiled Sep  1 2016 18:29:50
Hardware: V9.60
S/N : 69665576 
Feature(s) : RDI, GDB, FlashDL, FlashBP, JFlash 
 
* JLink Info: Found SWD-DP with ID 0x1BA01477
* JLink Info: Found SWD-DP with ID 0x1BA01477
* JLink Info: TPIU fitted.
* JLink Info: FPUnit: 6 code (BP) slots and 2 literal slots
* JLink Info: Found Cortex-M3 r1p1, Little endian.
ROMTableAddr = 0xE00FF003
 
Target info:
------------
Device: STM32F103C6
VTarget = 3.300V
State of Pins: 
TCK: 0, TDI: 0, TDO: 0, TMS: 1, TRES: 1, TRST: 1
Hardware-Breakpoints: 6
Software-Breakpoints: 8192
Watchpoints:          4
JTAG speed: 1000 kHz
 
Erase Done.
Programming Done.
Verify OK.
Application running ...
Load "..\\OBJ\\SLMC607.AXF" 
Set JLink Project File to "E:\电路设计\BMS设计\SLMC607\SLMC607 V1.5\Software\SLMC607 V1.6 20220612\User\JLinkSettings.ini"
* JLink Info: Device "STM32F103C6" selected (32 KB flash, 10 KB RAM).
 
JLink info:
------------
DLL: V4.54a, compiled Sep 17 2012 15:58:45
Firmware: J-Link V9 compiled Sep  1 2016 18:29:50
Hardware: V9.60
S/N : 69665576 
Feature(s) : RDI, GDB, FlashDL, FlashBP, JFlash 
 
* JLink Info: Found SWD-DP with ID 0x1BA01477
* JLink Info: Found SWD-DP with ID 0x1BA01477
* JLink Info: TPIU fitted.
* JLink Info: FPUnit: 6 code (BP) slots and 2 literal slots
* JLink Info: Found Cortex-M3 r1p1, Little endian.
ROMTableAddr = 0xE00FF003
 
Target info:
------------
Device: STM32F103C6
VTarget = 3.306V
State of Pins: 
TCK: 0, TDI: 0, TDO: 0, TMS: 1, TRES: 1, TRST: 1
Hardware-Breakpoints: 6
Software-Breakpoints: 8192
Watchpoints:          4
JTAG speed: 1000 kHz
 
Erase Done.
Programming Done.
Verify OK.
Application running ...
