<html>
<body>
<pre>
<h1>µVision Build Log</h1>
<h2>Project:</h2>
C:\Users\Administrator\Desktop\qm7035cscscs\SLMC607 V1.6 20220612\SLMC607 V1.6 20220612\User\SLMC607.uvproj
Project File Date:  03/12/2026

<h2>Output:</h2>
Rebuild target 'SLMC607'
compiling misc.c...
compiling stm32f10x_gpio.c...
compiling stm32f10x_rcc.c...
compiling stm32f10x_usart.c...
compiling stm32f10x_fsmc.c...
compiling stm32f10x_spi.c...
compiling stm32f10x_tim.c...
compiling stm32f10x_adc.c...
compiling stm32f10x_bkp.c...
compiling stm32f10x_can.c...
compiling stm32f10x_cec.c...
compiling stm32f10x_dac.c...
compiling stm32f10x_dbgmcu.c...
compiling stm32f10x_dma.c...
compiling stm32f10x_exti.c...
compiling stm32f10x_flash.c...
compiling stm32f10x_i2c.c...
compiling stm32f10x_iwdg.c...
compiling stm32f10x_pwr.c...
compiling stm32f10x_rtc.c...
compiling stm32f10x_sdio.c...
compiling stm32f10x_wwdg.c...
compiling core_cm3.c...
assembling startup_stm32f10x_hd.s...
compiling stm32f10x_it.c...
compiling system_stm32f10x.c...
compiling main.c...
compiling bq769xx.c...
compiling ConfigPara.c...
compiling DataBase.c...
compiling led.c...
compiling Rs485Data.c...
compiling TaskFun.c...
compiling soc.c...
compiling adc.c...
compiling delay.c...
compiling Flash.c...
compiling gpio.c...
compiling iic.c...
compiling sys.c...
compiling timer.c...
compiling usart.c...
compiling wdt.c...
linking...
Program Size: Code=20650 RO-data=662 RW-data=100 ZI-data=2636  
FromELF: creating hex file...
"..\OBJ\SLMC607.axf" - 0 Error(s), 0 Warning(s).
Load "..\\OBJ\\SLMC607.AXF" 
Erase Done.
Programming Done.
Verify OK.
